Component: ARM Compiler 5.06 update 4 (build 422) Tool: armlink [4d35d2]

==============================================================================

Section Cross References

    startup_stm32l051xx.o(RESET) refers to startup_stm32l051xx.o(STACK) for __initial_sp
    startup_stm32l051xx.o(RESET) refers to startup_stm32l051xx.o(.text) for Reset_Handler
    startup_stm32l051xx.o(RESET) refers to stm32l0xx_it.o(i.NMI_Handler) for NMI_Handler
    startup_stm32l051xx.o(RESET) refers to stm32l0xx_it.o(i.HardFault_Handler) for HardFault_Handler
    startup_stm32l051xx.o(RESET) refers to stm32l0xx_it.o(i.SVC_Handler) for SVC_Handler
    startup_stm32l051xx.o(RESET) refers to stm32l0xx_it.o(i.PendSV_Handler) for PendSV_Handler
    startup_stm32l051xx.o(RESET) refers to stm32l0xx_it.o(i.SysTick_Handler) for SysTick_Handler
    startup_stm32l051xx.o(RESET) refers to rtc-board.o(i.RTC_IRQHandler) for RTC_IRQHandler
    startup_stm32l051xx.o(RESET) refers to gpio-board.o(i.EXTI0_1_IRQHandler) for EXTI0_1_IRQHandler
    startup_stm32l051xx.o(RESET) refers to gpio-board.o(i.EXTI2_3_IRQHandler) for EXTI2_3_IRQHandler
    startup_stm32l051xx.o(RESET) refers to gpio-board.o(i.EXTI4_15_IRQHandler) for EXTI4_15_IRQHandler
    startup_stm32l051xx.o(RESET) refers to uart_board.o(i.USART1_IRQHandler) for USART1_IRQHandler
    startup_stm32l051xx.o(.text) refers to system_stm32l0xx.o(i.SystemInit) for SystemInit
    startup_stm32l051xx.o(.text) refers to entry.o(.ARM.Collect$$$$00000000) for __main
    sx1276.o(i.GetFskBandwidthRegValue) refers to sx1276.o(.constdata) for FskBandwidths
    sx1276.o(i.RxChainCalibration) refers to sx1276.o(i.SX1276Read) for SX1276Read
    sx1276.o(i.RxChainCalibration) refers to dfltui.o(.text) for __aeabi_ui2d
    sx1276.o(i.RxChainCalibration) refers to dmul.o(.text) for __aeabi_dmul
    sx1276.o(i.RxChainCalibration) refers to dfixui.o(.text) for __aeabi_d2uiz
    sx1276.o(i.RxChainCalibration) refers to sx1276.o(i.SX1276Write) for SX1276Write
    sx1276.o(i.RxChainCalibration) refers to sx1276.o(i.SX1276SetChannel) for SX1276SetChannel
    sx1276.o(i.SX1276GetStatus) refers to sx1276.o(.bss) for SX1276
    sx1276.o(i.SX1276GetTimeOnAir) refers to dfltui.o(.text) for __aeabi_ui2d
    sx1276.o(i.SX1276GetTimeOnAir) refers to sx1276.o(i.SX1276Read) for SX1276Read
    sx1276.o(i.SX1276GetTimeOnAir) refers to dflti.o(.text) for __aeabi_i2d
    sx1276.o(i.SX1276GetTimeOnAir) refers to dadd.o(.text) for __aeabi_dadd
    sx1276.o(i.SX1276GetTimeOnAir) refers to dmul.o(.text) for __aeabi_dmul
    sx1276.o(i.SX1276GetTimeOnAir) refers to ddiv.o(.text) for __aeabi_ddiv
    sx1276.o(i.SX1276GetTimeOnAir) refers to round.o(i.round) for round
    sx1276.o(i.SX1276GetTimeOnAir) refers to dfixui.o(.text) for __aeabi_d2uiz
    sx1276.o(i.SX1276GetTimeOnAir) refers to ceil.o(i.ceil) for ceil
    sx1276.o(i.SX1276GetTimeOnAir) refers to cdrcmple.o(.text) for __aeabi_cdrcmple
    sx1276.o(i.SX1276GetTimeOnAir) refers to floor.o(i.floor) for floor
    sx1276.o(i.SX1276GetTimeOnAir) refers to sx1276.o(.bss) for SX1276
    sx1276.o(i.SX1276Init) refers to sx1276.o(i.SX1276Reset) for SX1276Reset
    sx1276.o(i.SX1276Init) refers to sx1276.o(i.RxChainCalibration) for RxChainCalibration
    sx1276.o(i.SX1276Init) refers to sx1276.o(i.SX1276Write) for SX1276Write
    sx1276.o(i.SX1276Init) refers to sx1276.o(i.SX1276SetOpMode) for SX1276SetOpMode
    sx1276.o(i.SX1276Init) refers to sx1276-board.o(i.SX1276IoIrqInit) for SX1276IoIrqInit
    sx1276.o(i.SX1276Init) refers to sx1276.o(i.SX1276SetModem) for SX1276SetModem
    sx1276.o(i.SX1276Init) refers to sx1276.o(.data) for RadioEvents
    sx1276.o(i.SX1276Init) refers to sx1276.o(.constdata) for RadioRegsInit
    sx1276.o(i.SX1276Init) refers to sx1276.o(.bss) for SX1276
    sx1276.o(i.SX1276IsChannelFree) refers to sx1276.o(i.SX1276SetModem) for SX1276SetModem
    sx1276.o(i.SX1276IsChannelFree) refers to sx1276.o(i.SX1276SetChannel) for SX1276SetChannel
    sx1276.o(i.SX1276IsChannelFree) refers to sx1276.o(i.SX1276SetOpMode) for SX1276SetOpMode
    sx1276.o(i.SX1276IsChannelFree) refers to delay.o(i.DelayMs) for DelayMs
    sx1276.o(i.SX1276IsChannelFree) refers to sx1276.o(i.SX1276ReadRssi) for SX1276ReadRssi
    sx1276.o(i.SX1276IsChannelFree) refers to sx1276.o(i.SX1276SetSleep) for SX1276SetSleep
    sx1276.o(i.SX1276OnDio0Irq) refers to sx1276.o(i.SX1276Read) for SX1276Read
    sx1276.o(i.SX1276OnDio0Irq) refers to sx1276.o(i.SX1276Write) for SX1276Write
    sx1276.o(i.SX1276OnDio0Irq) refers to sx1276.o(i.SX1276ReadFifo) for SX1276ReadFifo
    sx1276.o(i.SX1276OnDio0Irq) refers to sx1276.o(.bss) for SX1276
    sx1276.o(i.SX1276OnDio0Irq) refers to sx1276.o(.data) for RadioEvents
    sx1276.o(i.SX1276OnDio1Irq) refers to sx1276.o(i.SX1276ReadFifo) for SX1276ReadFifo
    sx1276.o(i.SX1276OnDio1Irq) refers to sx1276.o(i.SX1276Read) for SX1276Read
    sx1276.o(i.SX1276OnDio1Irq) refers to sx1276.o(i.SX1276Write) for SX1276Write
[...]
    .text                                    0x0800044c   Section        0  ddiv.o(.text)
    .text                                    0x0800053c   Section        0  dflti.o(.text)
    .text                                    0x08000564   Section        0  dfltui.o(.text)
    .text                                    0x08000580   Section        0  dfltul.o(.text)
    .text                                    0x0800059c   Section        0  dfixi.o(.text)
    .text                                    0x080005e4   Section        0  dfixui.o(.text)
    .text                                    0x08000620   Section       40  cdrcmple.o(.text)
    .text                                    0x08000648   Section        0  llshl.o(.text)
    .text                                    0x08000668   Section        0  llushr.o(.text)
    .text                                    0x0800068a   Section        0  llsshr.o(.text)
    .text                                    0x080006b0   Section        0  depilogue.o(.text)
    .text                                    0x080006b0   Section        0  iusefp.o(.text)
    .text                                    0x08000770   Section        0  drnd.o(.text)
    .text                                    0x080007ec   Section       40  cdcmple.o(.text)
    .text                                    0x08000814   Section       36  init.o(.text)
    .text                                    0x08000838   Section        0  __dczerorl.o(.text)
    i.BlockLowPowerDuringTask                0x08000874   Section        0  rtc-board.o(i.BlockLowPowerDuringTask)
    i.BoardDisableIrq                        0x0800088c   Section        0  board.o(i.BoardDisableIrq)
    i.BoardEnableIrq                         0x080008a0   Section        0  board.o(i.BoardEnableIrq)
    i.DelayMs                                0x080008bc   Section        0  delay.o(i.DelayMs)
    i.EXTI0_1_IRQHandler                     0x080008c8   Section        0  gpio-board.o(i.EXTI0_1_IRQHandler)
    i.EXTI2_3_IRQHandler                     0x080008d8   Section        0  gpio-board.o(i.EXTI2_3_IRQHandler)
    i.EXTI4_15_IRQHandler                    0x080008e8   Section        0  gpio-board.o(i.EXTI4_15_IRQHandler)
    i.GetFskBandwidthRegValue                0x08000944   Section        0  sx1276.o(i.GetFskBandwidthRegValue)
    GetFskBandwidthRegValue                  0x08000945   Thumb Code    46  sx1276.o(i.GetFskBandwidthRegValue)
    i.GpioInit                               0x08000978   Section        0  gpio.o(i.GpioInit)
    i.GpioMcuInit                            0x080009a0   Section        0  gpio-board.o(i.GpioMcuInit)
    i.GpioMcuSetInterrupt                    0x08000ae8   Section        0  gpio-board.o(i.GpioMcuSetInterrupt)
    i.GpioMcuWrite                           0x08000c30   Section        0  gpio-board.o(i.GpioMcuWrite)
    i.GpioSetInterrupt                       0x08000c5c   Section        0  gpio.o(i.GpioSetInterrupt)
    i.GpioWrite                              0x08000c7e   Section        0  gpio.o(i.GpioWrite)
    i.HAL_Delay                              0x08000c98   Section        0  stm32l0xx_hal.o(i.HAL_Delay)
    i.HAL_GPIO_EXTI_Callback                 0x08000cb4   Section        0  gpio-board.o(i.HAL_GPIO_EXTI_Callback)
    i.HAL_GPIO_EXTI_IRQHandler               0x08000ce4   Section        0  stm32l0xx_hal_gpio.o(i.HAL_GPIO_EXTI_IRQHandler)
    i.HAL_GPIO_Init                          0x08000d04   Section        0  stm32l0xx_hal_gpio.o(i.HAL_GPIO_Init)
    i.HAL_GPIO_WritePin                      0x08000ef0   Section        0  stm32l0xx_hal_gpio.o(i.HAL_GPIO_WritePin)
    i.HAL_GetTick                            0x08000efc   Section        0  stm32l0xx_hal.o(i.HAL_GetTick)
    i.HAL_IncTick                            0x08000f08   Section        0  stm32l0xx_hal.o(i.HAL_IncTick)
    i.HAL_Init                               0x08000f18   Section        0  stm32l0xx_hal.o(i.HAL_Init)
    i.HAL_InitTick                           0x08000f38   Section        0  stm32l0xx_hal.o(i.HAL_InitTick)
    i.HAL_MspInit                            0x08000f60   Section        0  stm32l0xx_hal_msp.o(i.HAL_MspInit)
    i.HAL_MspWakeUp                          0x08000f98   Section        0  stm32l0xx_hal_msp.o(i.HAL_MspWakeUp)
    i.HAL_NVIC_EnableIRQ                     0x08000fc8   Section        0  stm32l0xx_hal_cortex.o(i.HAL_NVIC_EnableIRQ)
    i.HAL_NVIC_SetPriority                   0x08000fe0   Section        0  stm32l0xx_hal_cortex.o(i.HAL_NVIC_SetPriority)
    i.HAL_RCCEx_PeriphCLKConfig              0x08000ff4   Section        0  stm32l0xx_hal_rcc_ex.o(i.HAL_RCCEx_PeriphCLKConfig)
    i.HAL_RCC_ClockConfig                    0x080011f4   Section        0  stm32l0xx_hal_rcc.o(i.HAL_RCC_ClockConfig)
    i.HAL_RCC_GetHCLKFreq                    0x080013ec   Section        0  stm32l0xx_hal_rcc.o(i.HAL_RCC_GetHCLKFreq)
    i.HAL_RCC_GetPCLK1Freq                   0x080013f8   Section        0  stm32l0xx_hal_rcc.o(i.HAL_RCC_GetPCLK1Freq)
    i.HAL_RCC_GetPCLK2Freq                   0x0800141c   Section        0  stm32l0xx_hal_rcc.o(i.HAL_RCC_GetPCLK2Freq)
    i.HAL_RCC_GetSysClockFreq                0x08001440   Section        0  stm32l0xx_hal_rcc.o(i.HAL_RCC_GetSysClockFreq)
    i.HAL_RCC_OscConfig                      0x0800152c   Section        0  stm32l0xx_hal_rcc.o(i.HAL_RCC_OscConfig)
    i.HAL_RTCEx_AlarmBEventCallback          0x08001b2c   Section        0  stm32l0xx_hal_rtc_ex.o(i.HAL_RTCEx_AlarmBEventCallback)
    i.HAL_RTCEx_EnableBypassShadow           0x08001b2e   Section        0  stm32l0xx_hal_rtc_ex.o(i.HAL_RTCEx_EnableBypassShadow)
    i.HAL_RTC_AlarmAEventCallback            0x08001b86   Section        0  stm32l0xx_hal_rtc.o(i.HAL_RTC_AlarmAEventCallback)
    i.HAL_RTC_AlarmIRQHandler                0x08001b88   Section        0  stm32l0xx_hal_rtc.o(i.HAL_RTC_AlarmIRQHandler)
    i.HAL_RTC_DeactivateAlarm                0x08001c10   Section        0  stm32l0xx_hal_rtc.o(i.HAL_RTC_DeactivateAlarm)
    i.HAL_RTC_GetAlarm                       0x08001d24   Section        0  stm32l0xx_hal_rtc.o(i.HAL_RTC_GetAlarm)
    i.HAL_RTC_GetDate                        0x08001e14   Section        0  stm32l0xx_hal_rtc.o(i.HAL_RTC_GetDate)
    i.HAL_RTC_GetTime                        0x08001e70   Section        0  stm32l0xx_hal_rtc.o(i.HAL_RTC_GetTime)
    i.HAL_RTC_Init                           0x08001edc   Section        0  stm32l0xx_hal_rtc.o(i.HAL_RTC_Init)
    i.HAL_RTC_MspInit                        0x08001fa4   Section        0  stm32l0xx_hal_rtc.o(i.HAL_RTC_MspInit)
    i.HAL_RTC_SetAlarm_IT                    0x08001fa8   Section        0  stm32l0xx_hal_rtc.o(i.HAL_RTC_SetAlarm_IT)
    i.HAL_RTC_SetDate                        0x08002204   Section        0  stm32l0xx_hal_rtc.o(i.HAL_RTC_SetDate)
    i.HAL_RTC_SetTime                        0x08002334   Section        0  stm32l0xx_hal_rtc.o(i.HAL_RTC_SetTime)
    i.HAL_RTC_WaitForSynchro                 0x08002488   Section        0  stm32l0xx_hal_rtc.o(i.HAL_RTC_WaitForSynchro)
    i.HAL_SPI_Init                           0x080024c4   Section        0  stm32l0xx_hal_spi.o(i.HAL_SPI_Init)
    i.HAL_SPI_MspInit                        0x08002552   Section        0  stm32l0xx_hal_spi.o(i.HAL_SPI_MspInit)
    i.HAL_SYSTICK_Config                     0x08002554   Section        0  stm32l0xx_hal_cortex.o(i.HAL_SYSTICK_Config)
    i.HAL_UARTEx_WakeupCallback              0x0800258c   Section        0  stm32l0xx_hal_uart_ex.o(i.HAL_UARTEx_WakeupCallback)
    i.HAL_UART_ErrorCallback                 0x0800258e   Section        0  stm32l0xx_hal_uart.o(i.HAL_UART_ErrorCallback)
    i.HAL_UART_Init                          0x08002590   Section        0  stm32l0xx_hal_uart.o(i.HAL_UART_Init)
    i.HAL_UART_MspInit                       0x0800260c   Section        0  uart_board.o(i.HAL_UART_MspInit)
    i.HAL_USART_GET_FLAG                     0x0800269c   Section        0  uart_board.o(i.HAL_USART_GET_FLAG)
    i.HardFault_Handler                      0x080026b0   Section        0  stm32l0xx_it.o(i.HardFault_Handler)
    i.LoRa_RxDone                            0x080026f8   Section        0  main.o(i.LoRa_RxDone)
    i.LoRa_TxDone                            0x0800277c   Section        0  main.o(i.LoRa_TxDone)
    i.NMI_Handler                            0x080027f4   Section        0  stm32l0xx_it.o(i.NMI_Handler)
    i.NVIC_SetPriority                       0x080027f8   Section        0  stm32l0xx_hal_cortex.o(i.NVIC_SetPriority)
    NVIC_SetPriority                         0x080027f9   Thumb Code   110  stm32l0xx_hal_cortex.o(i.NVIC_SetPriority)
    i.OLED_Clean_All_Slowly                  0x08002870   Section        0  oled_board.o(i.OLED_Clean_All_Slowly)
    i.OLED_Clear                             0x08002894   Section        0  oled_board.o(i.OLED_Clear)
    i.OLED_DrawPoint                         0x080028c4   Section        0  oled_board.o(i.OLED_DrawPoint)
    i.OLED_Fill                              0x08002930   Section        0  oled_board.o(i.OLED_Fill)
    i.OLED_Init                              0x08002968   Section        0  oled_board.o(i.OLED_Init)
    i.OLED_Refresh_Gram                      0x08002aec   Section        0  oled_board.o(i.OLED_Refresh_Gram)
    i.OLED_ShowChar                          0x08002b38   Section        0  oled_board.o(i.OLED_ShowChar)
    i.OLED_ShowString_Line                   0x08002c0c   Section        0  oled_board.o(i.OLED_ShowString_Line)
    i.OLED_ShowString_XY                     0x08002c2a   Section        0  oled_board.o(i.OLED_ShowString_XY)
    i.OLED_Show_Logo                         0x08002c8c   Section        0  oled_board.o(i.OLED_Show_Logo)
    i.OLED_WR_Byte                           0x08002d14   Section        0  oled_board.o(i.OLED_WR_Byte)
    i.PendSV_Handler                         0x08002da8   Section        0  stm32l0xx_it.o(i.PendSV_Handler)
    i.RTC_Bcd2ToByte                         0x08002daa   Section        0  stm32l0xx_hal_rtc.o(i.RTC_Bcd2ToByte)
    i.RTC_ByteToBcd2                         0x08002dc4   Section        0  stm32l0xx_hal_rtc.o(i.RTC_ByteToBcd2)
    i.RTC_EnterInitMode                      0x08002dde   Section        0  stm32l0xx_hal_rtc.o(i.RTC_EnterInitMode)
    i.RTC_IRQHandler                         0x08002e20   Section        0  rtc-board.o(i.RTC_IRQHandler)
    i.RtcComputeTimerTimeToAlarmTick         0x08002e4c   Section        0  rtc-board.o(i.RtcComputeTimerTimeToAlarmTick)
    RtcComputeTimerTimeToAlarmTick           0x08002e4d   Thumb Code   360  rtc-board.o(i.RtcComputeTimerTimeToAlarmTick)
    i.RtcComputeWakeUpTime                   0x08002fc4   Section        0  rtc-board.o(i.RtcComputeWakeUpTime)
    RtcComputeWakeUpTime                     0x08002fc5   Thumb Code    76  rtc-board.o(i.RtcComputeWakeUpTime)
    i.RtcConvertCalendarTickToTimerTime      0x08003020   Section        0  rtc-board.o(i.RtcConvertCalendarTickToTimerTime)
    RtcConvertCalendarTickToTimerTime        0x08003021   Thumb Code   224  rtc-board.o(i.RtcConvertCalendarTickToTimerTime)
    i.RtcConvertMsToTick                     0x08003118   Section        0  rtc-board.o(i.RtcConvertMsToTick)
    RtcConvertMsToTick                       0x08003119   Thumb Code    56  rtc-board.o(i.RtcConvertMsToTick)
    i.RtcConvertTickToMs                     0x08003158   Section        0  rtc-board.o(i.RtcConvertTickToMs)
    RtcConvertTickToMs                       0x08003159   Thumb Code    56  rtc-board.o(i.RtcConvertTickToMs)
    i.RtcGetAdjustedTimeoutValue             0x08003198   Section        0  rtc-board.o(i.RtcGetAdjustedTimeoutValue)
    i.RtcGetCalendar                         0x080031e4   Section        0  rtc-board.o(i.RtcGetCalendar)
    RtcGetCalendar                           0x080031e5   Thumb Code    78  rtc-board.o(i.RtcGetCalendar)
    i.RtcGetElapsedAlarmTime                 0x08003238   Section        0  rtc-board.o(i.RtcGetElapsedAlarmTime)
    i.RtcInit                                0x0800326c   Section        0  rtc-board.o(i.RtcInit)
    i.RtcRecoverMcuStatus                    0x08003314   Section        0  rtc-board.o(i.RtcRecoverMcuStatus)
    i.RtcSetTimeout                          0x08003364   Section        0  rtc-board.o(i.RtcSetTimeout)
    i.RtcStartWakeUpAlarm                    0x08003378   Section        0  rtc-board.o(i.RtcStartWakeUpAlarm)
    RtcStartWakeUpAlarm                      0x08003379   Thumb Code   158  rtc-board.o(i.RtcStartWakeUpAlarm)
    i.RxChainCalibration                     0x08003420   Section        0  sx1276.o(i.RxChainCalibration)
    RxChainCalibration                       0x08003421   Thumb Code   174  sx1276.o(i.RxChainCalibration)
    i.SVC_Handler                            0x080034d8   Section        0  stm32l0xx_it.o(i.SVC_Handler)
    i.SX1276AntSwDeInit                      0x080034da   Section        0  sx1276-board.o(i.SX1276AntSwDeInit)
    i.SX1276AntSwInit                        0x080034dc   Section        0  sx1276-board.o(i.SX1276AntSwInit)
    i.SX1276CheckRfFrequency                 0x080034de   Section        0  sx1276-board.o(i.SX1276CheckRfFrequency)
    i.SX1276GetPaSelect                      0x080034e4   Section        0  sx1276-board.o(i.SX1276GetPaSelect)
    i.SX1276GetStatus                        0x080034ec   Section        0  sx1276.o(i.SX1276GetStatus)
    i.SX1276GetTimeOnAir                     0x080034f8   Section        0  sx1276.o(i.SX1276GetTimeOnAir)
    i.SX1276Init                             0x08003794   Section        0  sx1276.o(i.SX1276Init)
    i.SX1276IoInit                           0x08003804   Section        0  sx1276-board.o(i.SX1276IoInit)
    i.SX1276IoIrqInit                        0x0800384c   Section        0  sx1276-board.o(i.SX1276IoIrqInit)
    i.SX1276IsChannelFree                    0x08003880   Section        0  sx1276.o(i.SX1276IsChannelFree)
    i.SX1276OnDio0Irq                        0x080038bc   Section        0  sx1276.o(i.SX1276OnDio0Irq)
    i.SX1276OnDio1Irq                        0x08003c14   Section        0  sx1276.o(i.SX1276OnDio1Irq)
    i.SX1276OnDio2Irq                        0x08003db0   Section        0  sx1276.o(i.SX1276OnDio2Irq)
    i.SX1276OnDio3Irq                        0x08003f0c   Section        0  sx1276.o(i.SX1276OnDio3Irq)
    i.SX1276OnDio4Irq                        0x08003f88   Section        0  sx1276.o(i.SX1276OnDio4Irq)
    i.SX1276Random                           0x08003fb8   Section        0  sx1276.o(i.SX1276Random)
    i.SX1276Read                             0x08003ff8   Section        0  sx1276.o(i.SX1276Read)
    i.SX1276ReadBuffer                       0x0800400c   Section        0  sx1276.o(i.SX1276ReadBuffer)
    i.SX1276ReadFifo                         0x08004050   Section        0  sx1276.o(i.SX1276ReadFifo)
    i.SX1276ReadRssi                         0x08004064   Section        0  sx1276.o(i.SX1276ReadRssi)
    i.SX1276Reset                            0x080040b8   Section        0  sx1276.o(i.SX1276Reset)
    i.SX1276Send                             0x080040f4   Section        0  sx1276.o(i.SX1276Send)
    i.SX1276SetAntSwLowPower                 0x08004224   Section        0  sx1276-board.o(i.SX1276SetAntSwLowPower)
    i.SX1276SetChannel                       0x08004248   Section        0  sx1276.o(i.SX1276SetChannel)
    i.SX1276SetMaxPayloadLength              0x08004290   Section        0  sx1276.o(i.SX1276SetMaxPayloadLength)
    i.SX1276SetModem                         0x080042cc   Section        0  sx1276.o(i.SX1276SetModem)
    i.SX1276SetOpMode                        0x08004364   Section        0  sx1276.o(i.SX1276SetOpMode)
    i.SX1276SetPublicNetwork                 0x08004394   Section        0  sx1276.o(i.SX1276SetPublicNetwork)
    i.SX1276SetRfTxPower                     0x080043c0   Section        0  sx1276-board.o(i.SX1276SetRfTxPower)
    i.SX1276SetRx                            0x0800448c   Section        0  sx1276.o(i.SX1276SetRx)
    i.SX1276SetRxConfig                      0x08004794   Section        0  sx1276.o(i.SX1276SetRxConfig)
    i.SX1276SetSleep                         0x08004ab0   Section        0  sx1276.o(i.SX1276SetSleep)
    i.SX1276SetStby                          0x08004ac4   Section        0  sx1276.o(i.SX1276SetStby)
    i.SX1276SetTx                            0x08004ad8   Section        0  sx1276.o(i.SX1276SetTx)
    i.SX1276SetTxConfig                      0x08004ba4   Section        0  sx1276.o(i.SX1276SetTxConfig)
    i.SX1276SetTxContinuousWave              0x08004e0c   Section        0  sx1276.o(i.SX1276SetTxContinuousWave)
    i.SX1276StartCad                         0x08004e94   Section        0  sx1276.o(i.SX1276StartCad)
    i.SX1276Write                            0x08004edc   Section        0  sx1276.o(i.SX1276Write)
    i.SX1276WriteBuffer                      0x08004eec   Section        0  sx1276.o(i.SX1276WriteBuffer)
    i.SX1276WriteFifo                        0x08004f30   Section        0  sx1276.o(i.SX1276WriteFifo)
    i.SpiFormat                              0x08004f42   Section        0  spi-board.o(i.SpiFormat)
    i.SpiFrequency                           0x08004f7c   Section        0  spi-board.o(i.SpiFrequency)
    i.SpiInOut                               0x08004fcc   Section        0  spi-board.o(i.SpiInOut)
    i.SpiInit                                0x08005028   Section        0  spi-board.o(i.SpiInit)
    i.SysTick_Handler                        0x080050f0   Section        0  stm32l0xx_it.o(i.SysTick_Handler)
    i.SystemClockConfig_STOP                 0x080050f8   Section        0  stm32l0xx_hal_msp.o(i.SystemClockConfig_STOP)
    SystemClockConfig_STOP                   0x080050f9   Thumb Code   130  stm32l0xx_hal_msp.o(i.SystemClockConfig_STOP)
    i.SystemClock_Config                     0x08005184   Section        0  stm32l0xx_hal_msp.o(i.SystemClock_Config)
    SystemClock_Config                       0x08005185   Thumb Code   132  stm32l0xx_hal_msp.o(i.SystemClock_Config)
    i.SystemInit                             0x08005210   Section        0  system_stm32l0xx.o(i.SystemInit)
    i.TimerGetValue                          0x08005278   Section        0  timer.o(i.TimerGetValue)
    i.TimerIrqHandler                        0x08005280   Section        0  timer.o(i.TimerIrqHandler)
    i.TimerSetTimeout                        0x08005314   Section        0  timer.o(i.TimerSetTimeout)
    TimerSetTimeout                          0x08005315   Thumb Code    26  timer.o(i.TimerSetTimeout)
    i.UART_AdvFeatureConfig                  0x08005334   Section        0  stm32l0xx_hal_uart.o(i.UART_AdvFeatureConfig)
    i.UART_CheckIdleState                    0x08005424   Section        0  stm32l0xx_hal_uart.o(i.UART_CheckIdleState)
    i.UART_SetConfig                         0x08005488   Section        0  stm32l0xx_hal_uart.o(i.UART_SetConfig)
    i.UART_WaitOnFlagUntilTimeout            0x08005958   Section        0  stm32l0xx_hal_uart.o(i.UART_WaitOnFlagUntilTimeout)
    i.UART_init                              0x08005a60   Section        0  uart_board.o(i.UART_init)
    i.USART1_IRQHandler                      0x08005b00   Section        0  uart_board.o(i.USART1_IRQHandler)
    i.__0printf$8                            0x08005ba4   Section        0  printf8.o(i.__0printf$8)
    i.__0sprintf$8                           0x08005bc4   Section        0  printf8.o(i.__0sprintf$8)
    i.__ARM_clz                              0x08005bec   Section        0  depilogue.o(i.__ARM_clz)
    i.__ARM_common_switch8                   0x08005c1a   Section        0  sx1276.o(i.__ARM_common_switch8)
    i.__scatterload_copy                     0x08005c36   Section       14  handlers.o(i.__scatterload_copy)
    i.__scatterload_null                     0x08005c44   Section        2  handlers.o(i.__scatterload_null)
    i.__scatterload_zeroinit                 0x08005c46   Section       14  handlers.o(i.__scatterload_zeroinit)
    i._printf_core                           0x08005c54   Section        0  printf8.o(i._printf_core)
    _printf_core                             0x08005c55   Thumb Code  1020  printf8.o(i._printf_core)
    i._printf_post_padding                   0x0800607c   Section        0  printf8.o(i._printf_post_padding)
    _printf_post_padding                     0x0800607d   Thumb Code    32  printf8.o(i._printf_post_padding)
    i._printf_pre_padding                    0x0800609c   Section        0  printf8.o(i._printf_pre_padding)
    _printf_pre_padding                      0x0800609d   Thumb Code    44  printf8.o(i._printf_pre_padding)
    i._sputc                                 0x080060c8   Section        0  printf8.o(i._sputc)
    _sputc                                   0x080060c9   Thumb Code    10  printf8.o(i._sputc)
    i.ceil                                   0x080060d4   Section        0  ceil.o(i.ceil)
    i.delay_ms                               0x0800619c   Section        0  stm32l0xx_it.o(i.delay_ms)
    i.error_process                          0x080061b6   Section        0  uart_board.o(i.error_process)
    i.floor                                  0x080062c4   Section        0  floor.o(i.floor)
    i.fputc                                  0x0800638c   Section        0  uart_board.o(i.fputc)
    i.interface_LoRaPhy_SendFrame            0x080063b0   Section        0  loraphy_interface.o(i.interface_LoRaPhy_SendFrame)
    i.interface_LoRaPhy_init                 0x080063d0   Section        0  loraphy_interface.o(i.interface_LoRaPhy_init)
    i.interface_LoRaPhy_register_notification 0x08006440   Section        0  loraphy_interface.o(i.interface_LoRaPhy_register_notification)
    i.interface_LoRaPhy_start_rx             0x08006450   Section        0  loraphy_interface.o(i.interface_LoRaPhy_start_rx)
    i.key_init                               0x08006458   Section        0  key_board.o(i.key_init)
    i.key_interrupt_callback                 0x0800648c   Section        0  key_board.o(i.key_interrupt_callback)
    i.key_pressed_handler                    0x080064a4   Section        0  main.o(i.key_pressed_handler)
    i.key_register_callback                  0x080064d8   Section        0  key_board.o(i.key_register_callback)
    i.led_Init                               0x080064e4   Section        0  led_board.o(i.led_Init)
    i.main                                   0x08006518   Section        0  main.o(i.main)
    i.memcpy1                                0x08006684   Section        0  utilities.o(i.memcpy1)
    i.phyRxDone                              0x0800669c   Section        0  loraphy_interface.o(i.phyRxDone)
    phyRxDone                                0x0800669d   Thumb Code    74  loraphy_interface.o(i.phyRxDone)
    i.phyRxError                             0x080066f4   Section        0  loraphy_interface.o(i.phyRxError)
    phyRxError                               0x080066f5   Thumb Code    24  loraphy_interface.o(i.phyRxError)
    i.phyRxTimeout                           0x08006714   Section        0  loraphy_interface.o(i.phyRxTimeout)
    phyRxTimeout                             0x08006715   Thumb Code    36  loraphy_interface.o(i.phyRxTimeout)
    i.phyTxDone                              0x08006740   Section        0  loraphy_interface.o(i.phyTxDone)
    phyTxDone                                0x08006741   Thumb Code    18  loraphy_interface.o(i.phyTxDone)
    i.phyTxTimeout                           0x08006758   Section        0  loraphy_interface.o(i.phyTxTimeout)
    phyTxTimeout                             0x08006759   Thumb Code     2  loraphy_interface.o(i.phyTxTimeout)
    i.phy_switch_to_rx_mode                  0x0800675c   Section        0  loraphy_interface.o(i.phy_switch_to_rx_mode)
    phy_switch_to_rx_mode                    0x0800675d   Thumb Code   180  loraphy_interface.o(i.phy_switch_to_rx_mode)
    i.phy_switch_to_tx_mode                  0x0800681c   Section        0  loraphy_interface.o(i.phy_switch_to_tx_mode)
    phy_switch_to_tx_mode                    0x0800681d   Thumb Code   186  loraphy_interface.o(i.phy_switch_to_tx_mode)
    i.round                                  0x080068e8   Section        0  round.o(i.round)
    i.uart_rx_complete                       0x08006984   Section        0  main.o(i.uart_rx_complete)
    .constdata                               0x080069e0   Section      224  sx1276.o(.constdata)
    .constdata                               0x08006ac0   Section       92  sx1276-board.o(.constdata)
    .constdata                               0x08006b1c   Section       24  rtc-board.o(.constdata)
    DaysInMonth                              0x08006b1c   Data          12  rtc-board.o(.constdata)
    DaysInMonthLeapYear                      0x08006b28   Data          12  rtc-board.o(.constdata)
    .constdata                               0x08006b34   Section     1428  oled_board.o(.constdata)
    .constdata                               0x080070c8   Section       33  system_stm32l0xx.o(.constdata)
    .data                                    0x20000000   Section       28  sx1276.o(.data)
    RadioEvents                              0x20000000   Data           4  sx1276.o(.data)
    .data                                    0x2000001c   Section        1  board.o(.data)
    IrqNestLevel                             0x2000001c   Data           1  board.o(.data)
    .data                                    0x2000001d   Section        1  sx1276-board.o(.data)
    RadioIsActive                            0x2000001d   Data           1  sx1276-board.o(.data)
    .data                                    0x20000020   Section        8  timer.o(.data)
    TimerListHead                            0x20000024   Data           4  timer.o(.data)
    .data                                    0x20000028   Section       12  rtc-board.o(.data)
    RtcTimerEventAllowsLowPower              0x20000029   Data           1  rtc-board.o(.data)
    LowPowerDisableDuringTask                0x2000002a   Data           1  rtc-board.o(.data)
    RtcInitialized                           0x2000002b   Data           1  rtc-board.o(.data)
    WakeUpTimeInitialized                    0x2000002c   Data           1  rtc-board.o(.data)
    .data                                    0x20000034   Section        2  uart_board.o(.data)
    rx1_len                                  0x20000034   Data           1  uart_board.o(.data)
    power_on                                 0x20000035   Data           1  uart_board.o(.data)
    .data                                    0x20000038   Section        8  key_board.o(.data)
    .data                                    0x20000040   Section        4  system_stm32l0xx.o(.data)
    .data                                    0x20000044   Section        4  stm32l0xx_hal.o(.data)
    .data                                    0x20000048   Section        1  loraphy_interface.o(.data)
    phyMacStatus                             0x20000048   Data           1  loraphy_interface.o(.data)
    .data                                    0x2000004c   Section      268  main.o(.data)
    device_state                             0x2000004c   Data           1  main.o(.data)
    is_tx_complete                           0x2000004d   Data           1  main.o(.data)
    tx_count                                 0x20000150   Data           4  main.o(.data)
    rx_count                                 0x20000154   Data           4  main.o(.data)
    .data                                    0x20000158   Section        4  rand.o(.data)
    _rand_state                              0x20000158   Data           4  rand.o(.data)
    .data                                    0x2000015c   Section        4  stdout.o(.data)
    .bss                                     0x20000160   Section      576  sx1276.o(.bss)
    RxTxBuffer                               0x20000160   Data         256  sx1276.o(.bss)
    .bss                                     0x200003a0   Section       64  gpio-board.o(.bss)
    GpioIrq                                  0x200003a0   Data          64  gpio-board.o(.bss)
    .bss                                     0x200003e0   Section       60  rtc-board.o(.bss)
    .bss                                     0x2000041c   Section      260  uart_board.o(.bss)
    UartHandle                               0x20000430   Data         112  uart_board.o(.bss)
    uart1_buf                                0x200004a0   Data         128  uart_board.o(.bss)
    .bss                                     0x20000520   Section       12  key_board.o(.bss)
    .bss                                     0x2000052c   Section       24  led_board.o(.bss)
    .bss                                     0x20000544   Section     1024  oled_board.o(.bss)
    .bss                                     0x20000944   Section      100  loraphy_interface.o(.bss)
    tx_parameters                            0x20000944   Data          28  loraphy_interface.o(.bss)
    rx_parameters                            0x20000960   Data          28  loraphy_interface.o(.bss)
    LoRa_notification                        0x2000097c   Data          16  loraphy_interface.o(.bss)
    RadioEvents                              0x2000098c   Data          28  loraphy_interface.o(.bss)
    .bss                                     0x200009a8   Section      536  main.o(.bss)
    LoRa_callback                            0x200009a8   Data          16  main.o(.bss)
    rf_info                                  0x200009b8   Data         520  main.o(.bss)
    STACK                                    0x20000bc0   Section     2304  startup_stm32l051xx.o(STACK)

    Global Symbols

    Symbol Name                              Value     Ov Type        Size  Object(Section)

    BuildAttributes$$THM_ISAv3M$S$PE$A:L22$X:L11$S22$IEEE1$IW$USESV6$~STKCKD$USESV7$~SHL$OTIME$ROPI$IEEEJ$EBA8$MICROLIB$REQ8$PRES8$EABIv2 0x00000000   Number         0  anon$$obj.o ABSOLUTE
    __ARM_use_no_argv                        0x00000000   Number         0  main.o ABSOLUTE
    _printf_a                                0x00000000   Number         0  stubs.o ABSOLUTE
    _printf_c                                0x00000000   Number         0  stubs.o ABSOLUTE
    _printf_charcount                        0x00000000   Number         0  stubs.o ABSOLUTE
    _printf_d                                0x00000000   Number         0  stubs.o ABSOLUTE
    _printf_e                                0x00000000   Number         0  stubs.o ABSOLUTE
    _printf_f                                0x00000000   Number         0  stubs.o ABSOLUTE
    _printf_flags                            0x00000000   Number         0  stubs.o ABSOLUTE
    _printf_fp_dec                           0x00000000   Number         0  stubs.o ABSOLUTE
    _printf_fp_hex                           0x00000000   Number         0  stubs.o ABSOLUTE
    _printf_g                                0x00000000   Number         0  stubs.o ABSOLUTE
    _printf_i                                0x00000000   Number         0  stubs.o ABSOLUTE
    _printf_int_dec                          0x00000000   Number         0  stubs.o ABSOLUTE
    _printf_l                                0x00000000   Number         0  stubs.o ABSOLUTE
    _printf_lc                               0x00000000   Number         0  stubs.o ABSOLUTE
    _printf_ll                               0x00000000   Number         0  stubs.o ABSOLUTE
    _printf_lld                              0x00000000   Number         0  stubs.o ABSOLUTE
    _printf_lli                              0x00000000   Number         0  stubs.o ABSOLUTE
    _printf_llo                              0x00000000   Number         0  stubs.o ABSOLUTE
    _printf_llu                              0x00000000   Number         0  stubs.o ABSOLUTE
    _printf_llx                              0x00000000   Number         0  stubs.o ABSOLUTE
    _printf_longlong_dec                     0x00000000   Number         0  stubs.o ABSOLUTE
    _printf_longlong_hex                     0x00000000   Number         0  stubs.o ABSOLUTE
    _printf_longlong_oct                     0x00000000   Number         0  stubs.o ABSOLUTE
    _printf_ls                               0x00000000   Number         0  stubs.o ABSOLUTE
    _printf_mbtowc                           0x00000000   Number         0  stubs.o ABSOLUTE
    _printf_n                                0x00000000   Number         0  stubs.o ABSOLUTE
    _printf_o                                0x00000000   Number         0  stubs.o ABSOLUTE
    _printf_p                                0x00000000   Number         0  stubs.o ABSOLUTE
    _printf_percent                          0x00000000   Number         0  stubs.o ABSOLUTE
    _printf_pre_padding                      0x00000000   Number         0  stubs.o ABSOLUTE
    _printf_return_value                     0x00000000   Number         0  stubs.o ABSOLUTE
    _printf_s                                0x00000000   Number         0  stubs.o ABSOLUTE
    _printf_sizespec                         0x00000000   Number         0  stubs.o ABSOLUTE
    _printf_str                              0x00000000   Number         0  stubs.o ABSOLUTE
    _printf_truncate_signed                  0x00000000   Number         0  stubs.o ABSOLUTE
    _printf_truncate_unsigned                0x00000000   Number         0  stubs.o ABSOLUTE
    _printf_u                                0x00000000   Number         0  stubs.o ABSOLUTE
    _printf_wc                               0x00000000   Number         0  stubs.o ABSOLUTE
    _printf_wctomb                           0x00000000   Number         0  stubs.o ABSOLUTE
    _printf_widthprec                        0x00000000   Number         0  stubs.o ABSOLUTE
    _printf_x                                0x00000000   Number         0  stubs.o ABSOLUTE
    __cpp_initialize__aeabi_                  - Undefined Weak Reference
    __cxa_finalize                            - Undefined Weak Reference
    _clock_init                               - Undefined Weak Reference
    _microlib_exit                            - Undefined Weak Reference
    __Vectors_Size                           0x000000c0   Number         0  startup_stm32l051xx.o ABSOLUTE
    __Vectors                                0x08000000   Data           4  startup_stm32l051xx.o(RESET)
    __Vectors_End                            0x080000c0   Data           0  startup_stm32l051xx.o(RESET)
    __main                                   0x080000c1   Thumb Code     0  entry.o(.ARM.Collect$$$$00000000)
    _main_stk                                0x080000c1   Thumb Code     0  entry2.o(.ARM.Collect$$$$00000001)
    _main_scatterload                        0x080000c5   Thumb Code     0  entry5.o(.ARM.Collect$$$$00000004)
    __main_after_scatterload                 0x080000c9   Thumb Code     0  entry5.o(.ARM.Collect$$$$00000004)
    _main_clock                              0x080000c9   Thumb Code     0  entry7b.o(.ARM.Collect$$$$00000008)
    _main_cpp_init                           0x080000c9   Thumb Code     0  entry8b.o(.ARM.Collect$$$$0000000A)
    _main_init                               0x080000c9   Thumb Code     0  entry9a.o(.ARM.Collect$$$$0000000B)
    __rt_final_cpp                           0x080000d1   Thumb Code     0  entry10a.o(.ARM.Collect$$$$0000000D)
    __rt_final_exit                          0x080000d1   Thumb Code     0  entry11a.o(.ARM.Collect$$$$0000000F)
    GetErrorLR                               0x080000d5   Thumb Code     4  stm32l0xx_it.o(.emb_text)
    GetErrorPC                               0x080000d9   Thumb Code     4  stm32l0xx_it.o(.emb_text)
    Reset_Handler                            0x080000dd   Thumb Code     8  startup_stm32l051xx.o(.text)
    ADC1_COMP_IRQHandler                     0x080000ef   Thumb Code     0  startup_stm32l051xx.o(.text)
    DMA1_Channel1_IRQHandler                 0x080000ef   Thumb Code     0  startup_stm32l051xx.o(.text)
    DMA1_Channel2_3_IRQHandler               0x080000ef   Thumb Code     0  startup_stm32l051xx.o(.text)
    DMA1_Channel4_5_6_7_IRQHandler           0x080000ef   Thumb Code     0  startup_stm32l051xx.o(.text)
    FLASH_IRQHandler                         0x080000ef   Thumb Code     0  startup_stm32l051xx.o(.text)
    I2C1_IRQHandler                          0x080000ef   Thumb Code     0  startup_stm32l051xx.o(.text)
    I2C2_IRQHandler                          0x080000ef   Thumb Code     0  startup_stm32l051xx.o(.text)
    LPTIM1_IRQHandler                        0x080000ef   Thumb Code     0  startup_stm32l051xx.o(.text)
    LPUART1_IRQHandler                       0x080000ef   Thumb Code     0  startup_stm32l051xx.o(.text)
    PVD_IRQHandler                           0x080000ef   Thumb Code     0  startup_stm32l051xx.o(.text)
    RCC_IRQHandler                           0x080000ef   Thumb Code     0  startup_stm32l051xx.o(.text)
    SPI1_IRQHandler                          0x080000ef   Thumb Code     0  startup_stm32l051xx.o(.text)
    SPI2_IRQHandler                          0x080000ef   Thumb Code     0  startup_stm32l051xx.o(.text)
    TIM21_IRQHandler                         0x080000ef   Thumb Code     0  startup_stm32l051xx.o(.text)
    TIM22_IRQHandler                         0x080000ef   Thumb Code     0  startup_stm32l051xx.o(.text)
    TIM2_IRQHandler                          0x080000ef   Thumb Code     0  startup_stm32l051xx.o(.text)
    TIM6_IRQHandler                          0x080000ef   Thumb Code     0  startup_stm32l051xx.o(.text)
    USART2_IRQHandler                        0x080000ef   Thumb Code     0  startup_stm32l051xx.o(.text)
    WWDG_IRQHandler                          0x080000ef   Thumb Code     0  startup_stm32l051xx.o(.text)
    __aeabi_uidiv                            0x080000f9   Thumb Code     0  uidiv.o(.text)
    __aeabi_uidivmod                         0x080000f9   Thumb Code    44  uidiv.o(.text)
    __aeabi_idiv                             0x08000125   Thumb Code     0  idiv.o(.text)
    __aeabi_idivmod                          0x08000125   Thumb Code    40  idiv.o(.text)
    __aeabi_uldivmod                         0x0800014d   Thumb Code    96  uldiv.o(.text)
    rand                                     0x080001ad   Thumb Code    18  rand.o(.text)
    srand                                    0x080001bf   Thumb Code     6  rand.o(.text)
    __aeabi_memcpy                           0x080001d1   Thumb Code    36  memcpya.o(.text)
    __aeabi_memcpy4                          0x080001d1   Thumb Code     0  memcpya.o(.text)
    __aeabi_memcpy8                          0x080001d1   Thumb Code     0  memcpya.o(.text)
    __aeabi_memset                           0x080001f5   Thumb Code    14  memseta.o(.text)
    __aeabi_memset4                          0x080001f5   Thumb Code     0  memseta.o(.text)
    __aeabi_memset8                          0x080001f5   Thumb Code     0  memseta.o(.text)
    __aeabi_memclr                           0x08000203   Thumb Code     4  memseta.o(.text)
    __aeabi_memclr4                          0x08000203   Thumb Code     0  memseta.o(.text)
    __aeabi_memclr8                          0x08000203   Thumb Code     0  memseta.o(.text)
    _memset$wrapper                          0x08000207   Thumb Code    18  memseta.o(.text)
    __aeabi_dadd                             0x08000219   Thumb Code   328  dadd.o(.text)
    __aeabi_dsub                             0x08000361   Thumb Code    12  dadd.o(.text)
    __aeabi_drsub                            0x0800036d   Thumb Code    12  dadd.o(.text)
    __aeabi_dmul                             0x0800037d   Thumb Code   202  dmul.o(.text)
    __aeabi_ddiv                             0x0800044d   Thumb Code   234  ddiv.o(.text)
    __aeabi_i2d                              0x0800053d   Thumb Code    34  dflti.o(.text)
    __aeabi_ui2d                             0x08000565   Thumb Code    24  dfltui.o(.text)
    __aeabi_ul2d                             0x08000581   Thumb Code    22  dfltul.o(.text)
    __aeabi_d2iz                             0x0800059d   Thumb Code    62  dfixi.o(.text)
    __aeabi_d2uiz                            0x080005e5   Thumb Code    50  dfixui.o(.text)
    __aeabi_cdrcmple                         0x08000621   Thumb Code    38  cdrcmple.o(.text)
    __aeabi_llsl                             0x08000649   Thumb Code    32  llshl.o(.text)
    _ll_shift_l                              0x08000649   Thumb Code     0  llshl.o(.text)
    __aeabi_llsr                             0x08000669   Thumb Code    34  llushr.o(.text)
    _ll_ushift_r                             0x08000669   Thumb Code     0  llushr.o(.text)
    __aeabi_lasr                             0x0800068b   Thumb Code    38  llsshr.o(.text)
    _ll_sshift_r                             0x0800068b   Thumb Code     0  llsshr.o(.text)
    __I$use$fp                               0x080006b1   Thumb Code     0  iusefp.o(.text)
    _double_round                            0x080006b1   Thumb Code    26  depilogue.o(.text)
    _double_epilogue                         0x080006cb   Thumb Code   164  depilogue.o(.text)
    _drnd                                    0x08000771   Thumb Code   114  drnd.o(.text)
    __aeabi_cdcmpeq                          0x080007ed   Thumb Code     0  cdcmple.o(.text)
    __aeabi_cdcmple                          0x080007ed   Thumb Code    38  cdcmple.o(.text)
    __scatterload                            0x08000815   Thumb Code    28  init.o(.text)
    __scatterload_rt2                        0x08000815   Thumb Code     0  init.o(.text)
    __decompress                             0x08000839   Thumb Code     0  __dczerorl.o(.text)
    __decompress0                            0x08000839   Thumb Code    58  __dczerorl.o(.text)
    BlockLowPowerDuringTask                  0x08000875   Thumb Code    18  rtc-board.o(i.BlockLowPowerDuringTask)
    BoardDisableIrq                          0x0800088d   Thumb Code    14  board.o(i.BoardDisableIrq)
    BoardEnableIrq                           0x080008a1   Thumb Code    22  board.o(i.BoardEnableIrq)
    DelayMs                                  0x080008bd   Thumb Code    12  delay.o(i.DelayMs)
    EXTI0_1_IRQHandler                       0x080008c9   Thumb Code    16  gpio-board.o(i.EXTI0_1_IRQHandler)
    EXTI2_3_IRQHandler                       0x080008d9   Thumb Code    16  gpio-board.o(i.EXTI2_3_IRQHandler)
    EXTI4_15_IRQHandler                      0x080008e9   Thumb Code    92  gpio-board.o(i.EXTI4_15_IRQHandler)
    GpioInit                                 0x08000979   Thumb Code    40  gpio.o(i.GpioInit)
    GpioMcuInit                              0x080009a1   Thumb Code   312  gpio-board.o(i.GpioMcuInit)
    GpioMcuSetInterrupt                      0x08000ae9   Thumb Code   310  gpio-board.o(i.GpioMcuSetInterrupt)
    GpioMcuWrite                             0x08000c31   Thumb Code    44  gpio-board.o(i.GpioMcuWrite)
    GpioSetInterrupt                         0x08000c5d   Thumb Code    34  gpio.o(i.GpioSetInterrupt)
    GpioWrite                                0x08000c7f   Thumb Code    26  gpio.o(i.GpioWrite)
    HAL_Delay                                0x08000c99   Thumb Code    26  stm32l0xx_hal.o(i.HAL_Delay)
    HAL_GPIO_EXTI_Callback                   0x08000cb5   Thumb Code    42  gpio-board.o(i.HAL_GPIO_EXTI_Callback)
    HAL_GPIO_EXTI_IRQHandler                 0x08000ce5   Thumb Code    26  stm32l0xx_hal_gpio.o(i.HAL_GPIO_EXTI_IRQHandler)
    HAL_GPIO_Init                            0x08000d05   Thumb Code   462  stm32l0xx_hal_gpio.o(i.HAL_GPIO_Init)
    HAL_GPIO_WritePin                        0x08000ef1   Thumb Code    12  stm32l0xx_hal_gpio.o(i.HAL_GPIO_WritePin)
    HAL_GetTick                              0x08000efd   Thumb Code     6  stm32l0xx_hal.o(i.HAL_GetTick)
    HAL_IncTick                              0x08000f09   Thumb Code    12  stm32l0xx_hal.o(i.HAL_IncTick)
    HAL_Init                                 0x08000f19   Thumb Code    28  stm32l0xx_hal.o(i.HAL_Init)
    HAL_InitTick                             0x08000f39   Thumb Code    36  stm32l0xx_hal.o(i.HAL_InitTick)
    HAL_MspInit                              0x08000f61   Thumb Code    50  stm32l0xx_hal_msp.o(i.HAL_MspInit)
    HAL_MspWakeUp                            0x08000f99   Thumb Code    42  stm32l0xx_hal_msp.o(i.HAL_MspWakeUp)
    HAL_NVIC_EnableIRQ                       0x08000fc9   Thumb Code    18  stm32l0xx_hal_cortex.o(i.HAL_NVIC_EnableIRQ)
    HAL_NVIC_SetPriority                     0x08000fe1   Thumb Code    18  stm32l0xx_hal_cortex.o(i.HAL_NVIC_SetPriority)
    HAL_RCCEx_PeriphCLKConfig                0x08000ff5   Thumb Code   500  stm32l0xx_hal_rcc_ex.o(i.HAL_RCCEx_PeriphCLKConfig)
    HAL_RCC_ClockConfig                      0x080011f5   Thumb Code   482  stm32l0xx_hal_rcc.o(i.HAL_RCC_ClockConfig)
    HAL_RCC_GetHCLKFreq                      0x080013ed   Thumb Code     6  stm32l0xx_hal_rcc.o(i.HAL_RCC_GetHCLKFreq)
    HAL_RCC_GetPCLK1Freq                     0x080013f9   Thumb Code    26  stm32l0xx_hal_rcc.o(i.HAL_RCC_GetPCLK1Freq)
    HAL_RCC_GetPCLK2Freq                     0x0800141d   Thumb Code    26  stm32l0xx_hal_rcc.o(i.HAL_RCC_GetPCLK2Freq)
    HAL_RCC_GetSysClockFreq                  0x08001441   Thumb Code   214  stm32l0xx_hal_rcc.o(i.HAL_RCC_GetSysClockFreq)
    HAL_RCC_OscConfig                        0x0800152d   Thumb Code  1522  stm32l0xx_hal_rcc.o(i.HAL_RCC_OscConfig)
    HAL_RTCEx_AlarmBEventCallback            0x08001b2d   Thumb Code     2  stm32l0xx_hal_rtc_ex.o(i.HAL_RTCEx_AlarmBEventCallback)
    HAL_RTCEx_EnableBypassShadow             0x08001b2f   Thumb Code    88  stm32l0xx_hal_rtc_ex.o(i.HAL_RTCEx_EnableBypassShadow)
    HAL_RTC_AlarmAEventCallback              0x08001b87   Thumb Code     2  stm32l0xx_hal_rtc.o(i.HAL_RTC_AlarmAEventCallback)
    HAL_RTC_AlarmIRQHandler                  0x08001b89   Thumb Code   124  stm32l0xx_hal_rtc.o(i.HAL_RTC_AlarmIRQHandler)
    HAL_RTC_DeactivateAlarm                  0x08001c11   Thumb Code   274  stm32l0xx_hal_rtc.o(i.HAL_RTC_DeactivateAlarm)
    HAL_RTC_GetAlarm                         0x08001d25   Thumb Code   236  stm32l0xx_hal_rtc.o(i.HAL_RTC_GetAlarm)
    HAL_RTC_GetDate                          0x08001e15   Thumb Code    88  stm32l0xx_hal_rtc.o(i.HAL_RTC_GetDate)
    HAL_RTC_GetTime                          0x08001e71   Thumb Code   104  stm32l0xx_hal_rtc.o(i.HAL_RTC_GetTime)
    HAL_RTC_Init                             0x08001edd   Thumb Code   196  stm32l0xx_hal_rtc.o(i.HAL_RTC_Init)
    HAL_RTC_MspInit                          0x08001fa5   Thumb Code     2  stm32l0xx_hal_rtc.o(i.HAL_RTC_MspInit)
    HAL_RTC_SetAlarm_IT                      0x08001fa9   Thumb Code   590  stm32l0xx_hal_rtc.o(i.HAL_RTC_SetAlarm_IT)
    HAL_RTC_SetDate                          0x08002205   Thumb Code   298  stm32l0xx_hal_rtc.o(i.HAL_RTC_SetDate)
    HAL_RTC_SetTime                          0x08002335   Thumb Code   336  stm32l0xx_hal_rtc.o(i.HAL_RTC_SetTime)
    HAL_RTC_WaitForSynchro                   0x08002489   Thumb Code    60  stm32l0xx_hal_rtc.o(i.HAL_RTC_WaitForSynchro)
    HAL_SPI_Init                             0x080024c5   Thumb Code   142  stm32l0xx_hal_spi.o(i.HAL_SPI_Init)
    HAL_SPI_MspInit                          0x08002553   Thumb Code     2  stm32l0xx_hal_spi.o(i.HAL_SPI_MspInit)
    HAL_SYSTICK_Config                       0x08002555   Thumb Code    46  stm32l0xx_hal_cortex.o(i.HAL_SYSTICK_Config)
    HAL_UARTEx_WakeupCallback                0x0800258d   Thumb Code     2  stm32l0xx_hal_uart_ex.o(i.HAL_UARTEx_WakeupCallback)
    HAL_UART_ErrorCallback                   0x0800258f   Thumb Code     2  stm32l0xx_hal_uart.o(i.HAL_UART_ErrorCallback)
    HAL_UART_Init                            0x08002591   Thumb Code   124  stm32l0xx_hal_uart.o(i.HAL_UART_Init)
    HAL_UART_MspInit                         0x0800260d   Thumb Code   136  uart_board.o(i.HAL_UART_MspInit)
    HAL_USART_GET_FLAG                       0x0800269d   Thumb Code    18  uart_board.o(i.HAL_USART_GET_FLAG)
    HardFault_Handler                        0x080026b1   Thumb Code    34  stm32l0xx_it.o(i.HardFault_Handler)
    LoRa_RxDone                              0x080026f9   Thumb Code    90  main.o(i.LoRa_RxDone)
    LoRa_TxDone                              0x0800277d   Thumb Code    76  main.o(i.LoRa_TxDone)
    NMI_Handler                              0x080027f5   Thumb Code     2  stm32l0xx_it.o(i.NMI_Handler)
    OLED_Clean_All_Slowly                    0x08002871   Thumb Code    34  oled_board.o(i.OLED_Clean_All_Slowly)
    OLED_Clear                               0x08002895   Thumb Code    42  oled_board.o(i.OLED_Clear)
    OLED_DrawPoint                           0x080028c5   Thumb Code   102  oled_board.o(i.OLED_DrawPoint)
    OLED_Fill                                0x08002931   Thumb Code    54  oled_board.o(i.OLED_Fill)
    OLED_Init                                0x08002969   Thumb Code   378  oled_board.o(i.OLED_Init)
    OLED_Refresh_Gram                        0x08002aed   Thumb Code    70  oled_board.o(i.OLED_Refresh_Gram)
    OLED_ShowChar                            0x08002b39   Thumb Code   206  oled_board.o(i.OLED_ShowChar)
    OLED_ShowString_Line                     0x08002c0d   Thumb Code    30  oled_board.o(i.OLED_ShowString_Line)
    OLED_ShowString_XY                       0x08002c2b   Thumb Code    98  oled_board.o(i.OLED_ShowString_XY)
    OLED_Show_Logo                           0x08002c8d   Thumb Code   130  oled_board.o(i.OLED_Show_Logo)
    OLED_WR_Byte                             0x08002d15   Thumb Code   142  oled_board.o(i.OLED_WR_Byte)
    PendSV_Handler                           0x08002da9   Thumb Code     2  stm32l0xx_it.o(i.PendSV_Handler)
    RTC_Bcd2ToByte                           0x08002dab   Thumb Code    26  stm32l0xx_hal_rtc.o(i.RTC_Bcd2ToByte)
    RTC_ByteToBcd2                           0x08002dc5   Thumb Code    26  stm32l0xx_hal_rtc.o(i.RTC_ByteToBcd2)
    RTC_EnterInitMode                        0x08002ddf   Thumb Code    66  stm32l0xx_hal_rtc.o(i.RTC_EnterInitMode)
    RTC_IRQHandler                           0x08002e21   Thumb Code    38  rtc-board.o(i.RTC_IRQHandler)
    RtcGetAdjustedTimeoutValue               0x08003199   Thumb Code    62  rtc-board.o(i.RtcGetAdjustedTimeoutValue)
    RtcGetElapsedAlarmTime                   0x08003239   Thumb Code    46  rtc-board.o(i.RtcGetElapsedAlarmTime)
    RtcInit                                  0x0800326d   Thumb Code   146  rtc-board.o(i.RtcInit)
    RtcRecoverMcuStatus                      0x08003315   Thumb Code    68  rtc-board.o(i.RtcRecoverMcuStatus)
    RtcSetTimeout                            0x08003365   Thumb Code    18  rtc-board.o(i.RtcSetTimeout)
    SVC_Handler                              0x080034d9   Thumb Code     2  stm32l0xx_it.o(i.SVC_Handler)
    SX1276AntSwDeInit                        0x080034db   Thumb Code     2  sx1276-board.o(i.SX1276AntSwDeInit)
    SX1276AntSwInit                          0x080034dd   Thumb Code     2  sx1276-board.o(i.SX1276AntSwInit)
    SX1276CheckRfFrequency                   0x080034df   Thumb Code     6  sx1276-board.o(i.SX1276CheckRfFrequency)
    SX1276GetPaSelect                        0x080034e5   Thumb Code     6  sx1276-board.o(i.SX1276GetPaSelect)
    SX1276GetStatus                          0x080034ed   Thumb Code     6  sx1276.o(i.SX1276GetStatus)
    SX1276GetTimeOnAir                       0x080034f9   Thumb Code   628  sx1276.o(i.SX1276GetTimeOnAir)
    SX1276Init                               0x08003795   Thumb Code    96  sx1276.o(i.SX1276Init)
    SX1276IoInit                             0x08003805   Thumb Code    68  sx1276-board.o(i.SX1276IoInit)
    SX1276IoIrqInit                          0x0800384d   Thumb Code    46  sx1276-board.o(i.SX1276IoIrqInit)
    SX1276IsChannelFree                      0x08003881   Thumb Code    58  sx1276.o(i.SX1276IsChannelFree)
    SX1276OnDio0Irq                          0x080038bd   Thumb Code   838  sx1276.o(i.SX1276OnDio0Irq)
    SX1276OnDio1Irq                          0x08003c15   Thumb Code   398  sx1276.o(i.SX1276OnDio1Irq)
    SX1276OnDio2Irq                          0x08003db1   Thumb Code   334  sx1276.o(i.SX1276OnDio2Irq)
    SX1276OnDio3Irq                          0x08003f0d   Thumb Code   114  sx1276.o(i.SX1276OnDio3Irq)
    SX1276OnDio4Irq                          0x08003f89   Thumb Code    42  sx1276.o(i.SX1276OnDio4Irq)
    SX1276Random                             0x08003fb9   Thumb Code    64  sx1276.o(i.SX1276Random)
    SX1276Read                               0x08003ff9   Thumb Code    20  sx1276.o(i.SX1276Read)
    SX1276ReadBuffer                         0x0800400d   Thumb Code    62  sx1276.o(i.SX1276ReadBuffer)
    SX1276ReadFifo                           0x08004051   Thumb Code    18  sx1276.o(i.SX1276ReadFifo)
    SX1276ReadRssi                           0x08004065   Thumb Code    74  sx1276.o(i.SX1276ReadRssi)
    SX1276Reset                              0x080040b9   Thumb Code    54  sx1276.o(i.SX1276Reset)
    SX1276Send                               0x080040f5   Thumb Code   294  sx1276.o(i.SX1276Send)
    SX1276SetAntSwLowPower                   0x08004225   Thumb Code    30  sx1276-board.o(i.SX1276SetAntSwLowPower)
    SX1276SetChannel                         0x08004249   Thumb Code    64  sx1276.o(i.SX1276SetChannel)
    SX1276SetMaxPayloadLength                0x08004291   Thumb Code    54  sx1276.o(i.SX1276SetMaxPayloadLength)
    SX1276SetModem                           0x080042cd   Thumb Code   148  sx1276.o(i.SX1276SetModem)
    SX1276SetOpMode                          0x08004365   Thumb Code    46  sx1276.o(i.SX1276SetOpMode)
    SX1276SetPublicNetwork                   0x08004395   Thumb Code    38  sx1276.o(i.SX1276SetPublicNetwork)
    SX1276SetRfTxPower                       0x080043c1   Thumb Code   198  sx1276-board.o(i.SX1276SetRfTxPower)
    SX1276SetRx                              0x0800448d   Thumb Code   744  sx1276.o(i.SX1276SetRx)
    SX1276SetRxConfig                        0x08004795   Thumb Code   770  sx1276.o(i.SX1276SetRxConfig)
    SX1276SetSleep                           0x08004ab1   Thumb Code    16  sx1276.o(i.SX1276SetSleep)
    SX1276SetStby                            0x08004ac5   Thumb Code    16  sx1276.o(i.SX1276SetStby)
    SX1276SetTx                              0x08004ad9   Thumb Code   200  sx1276.o(i.SX1276SetTx)
    SX1276SetTxConfig                        0x08004ba5   Thumb Code   602  sx1276.o(i.SX1276SetTxConfig)
    SX1276SetTxContinuousWave                0x08004e0d   Thumb Code   128  sx1276.o(i.SX1276SetTxContinuousWave)
    SX1276StartCad                           0x08004e95   Thumb Code    68  sx1276.o(i.SX1276StartCad)
    SX1276Write                              0x08004edd   Thumb Code    16  sx1276.o(i.SX1276Write)
    SX1276WriteBuffer                        0x08004eed   Thumb Code    62  sx1276.o(i.SX1276WriteBuffer)
    SX1276WriteFifo                          0x08004f31   Thumb Code    18  sx1276.o(i.SX1276WriteFifo)
    SpiFormat                                0x08004f43   Thumb Code    56  spi-board.o(i.SpiFormat)
    SpiFrequency                             0x08004f7d   Thumb Code    74  spi-board.o(i.SpiFrequency)
    SpiInOut                                 0x08004fcd   Thumb Code    92  spi-board.o(i.SpiInOut)
    SpiInit                                  0x08005029   Thumb Code   182  spi-board.o(i.SpiInit)
    SysTick_Handler                          0x080050f1   Thumb Code     8  stm32l0xx_it.o(i.SysTick_Handler)
    SystemInit                               0x08005211   Thumb Code    88  system_stm32l0xx.o(i.SystemInit)
    TimerGetValue                            0x08005279   Thumb Code     8  timer.o(i.TimerGetValue)
    TimerIrqHandler                          0x08005281   Thumb Code   144  timer.o(i.TimerIrqHandler)
    UART_AdvFeatureConfig                    0x08005335   Thumb Code   240  stm32l0xx_hal_uart.o(i.UART_AdvFeatureConfig)
    UART_CheckIdleState                      0x08005425   Thumb Code    96  stm32l0xx_hal_uart.o(i.UART_CheckIdleState)
    UART_SetConfig                           0x08005489   Thumb Code  1220  stm32l0xx_hal_uart.o(i.UART_SetConfig)
    UART_WaitOnFlagUntilTimeout              0x08005959   Thumb Code   264  stm32l0xx_hal_uart.o(i.UART_WaitOnFlagUntilTimeout)
    UART_init                                0x08005a61   Thumb Code   140  uart_board.o(i.UART_init)
    USART1_IRQHandler                        0x08005b01   Thumb Code   144  uart_board.o(i.USART1_IRQHandler)
    __0printf$8                              0x08005ba5   Thumb Code    24  printf8.o(i.__0printf$8)
    __1printf$8                              0x08005ba5   Thumb Code     0  printf8.o(i.__0printf$8)
    __2printf                                0x08005ba5   Thumb Code     0  printf8.o(i.__0printf$8)
    __0sprintf$8                             0x08005bc5   Thumb Code    36  printf8.o(i.__0sprintf$8)
    __1sprintf$8                             0x08005bc5   Thumb Code     0  printf8.o(i.__0sprintf$8)
    __2sprintf                               0x08005bc5   Thumb Code     0  printf8.o(i.__0sprintf$8)
    __ARM_clz                                0x08005bed   Thumb Code    46  depilogue.o(i.__ARM_clz)
    __ARM_common_switch8                     0x08005c1b   Thumb Code    28  sx1276.o(i.__ARM_common_switch8)
    __scatterload_copy                       0x08005c37   Thumb Code    14  handlers.o(i.__scatterload_copy)
    __scatterload_null                       0x08005c45   Thumb Code     2  handlers.o(i.__scatterload_null)
    __scatterload_zeroinit                   0x08005c47   Thumb Code    14  handlers.o(i.__scatterload_zeroinit)
    ceil                                     0x080060d5   Thumb Code   180  ceil.o(i.ceil)
    delay_ms                                 0x0800619d   Thumb Code    26  stm32l0xx_it.o(i.delay_ms)
    error_process                            0x080061b7   Thumb Code   270  uart_board.o(i.error_process)
    floor                                    0x080062c5   Thumb Code   180  floor.o(i.floor)
    fputc                                    0x0800638d   Thumb Code    30  uart_board.o(i.fputc)
    interface_LoRaPhy_SendFrame              0x080063b1   Thumb Code    28  loraphy_interface.o(i.interface_LoRaPhy_SendFrame)
    interface_LoRaPhy_init                   0x080063d1   Thumb Code    74  loraphy_interface.o(i.interface_LoRaPhy_init)
    interface_LoRaPhy_register_notification  0x08006441   Thumb Code    12  loraphy_interface.o(i.interface_LoRaPhy_register_notification)
    interface_LoRaPhy_start_rx               0x08006451   Thumb Code     8  loraphy_interface.o(i.interface_LoRaPhy_start_rx)
    key_init                                 0x08006459   Thumb Code    40  key_board.o(i.key_init)
    key_interrupt_callback                   0x0800648d   Thumb Code    18  key_board.o(i.key_interrupt_callback)
    key_pressed_handler                      0x080064a5   Thumb Code    24  main.o(i.key_pressed_handler)
    key_register_callback                    0x080064d9   Thumb Code     6  key_board.o(i.key_register_callback)
    led_Init                                 0x080064e5   Thumb Code    44  led_board.o(i.led_Init)
    main                                     0x08006519   Thumb Code   264  main.o(i.main)
    memcpy1                                  0x08006685   Thumb Code    24  utilities.o(i.memcpy1)
    round                                    0x080068e9   Thumb Code   142  round.o(i.round)
    uart_rx_complete                         0x08006985   Thumb Code    48  main.o(i.uart_rx_complete)
    RadioRegsInit                            0x080069e0   Data          48  sx1276.o(.constdata)
    FskBandwidths                            0x08006a10   Data         176  sx1276.o(.constdata)
    Radio                                    0x08006ac0   Data          92  sx1276-board.o(.constdata)
    asc2_1206                                0x08006b34   Data        1140  oled_board.o(.constdata)
    logo                                     0x08006fa8   Data         288  oled_board.o(.constdata)
    AHBPrescTable                            0x080070c8   Data          16  system_stm32l0xx.o(.constdata)
    APBPrescTable                            0x080070d8   Data           8  system_stm32l0xx.o(.constdata)
    PLLMulTable                              0x080070e0   Data           9  system_stm32l0xx.o(.constdata)
    Region$$Table$$Base                      0x080070ec   Number         0  anon$$obj.o(Region$$Table)
    Region$$Table$$Limit                     0x0800710c   Number         0  anon$$obj.o(Region$$Table)
    DioIrq                                   0x20000004   Data          24  sx1276.o(.data)
    HasLoopedThroughMain                     0x20000020   Data           1  timer.o(.data)
    NonScheduledWakeUp                       0x20000028   Data           1  rtc-board.o(.data)
    McuWakeUpTime                            0x20000030   Data           4  rtc-board.o(.data)
    is_debounced                             0x20000038   Data           1  key_board.o(.data)
    application_notification                 0x2000003c   Data           4  key_board.o(.data)
    SystemCoreClock                          0x20000040   Data           4  system_stm32l0xx.o(.data)
    uwTick                                   0x20000044   Data           4  stm32l0xx_hal.o(.data)
    LoRa_send_buf                            0x2000004e   Data         255  main.o(.data)
    LoRa_send_data_len                       0x2000014d   Data           1  main.o(.data)
    __stdout                                 0x2000015c   Data           4  stdout.o(.data)
    SX1276                                   0x20000260   Data         320  sx1276.o(.bss)
    RtcCalendarContext                       0x200003e0   Data          24  rtc-board.o(.bss)
    RtcHandle                                0x200003f8   Data          36  rtc-board.o(.bss)
    uart1                                    0x2000041c   Data          20  uart_board.o(.bss)
    key                                      0x20000520   Data          12  key_board.o(.bss)
    led_green                                0x2000052c   Data          12  led_board.o(.bss)
    led_red                                  0x20000538   Data          12  led_board.o(.bss)
    OLED_GRAM                                0x20000544   Data        1024  oled_board.o(.bss)
    __initial_sp                             0x200014c0   Data           0  startup_stm32l051xx.o(STACK)



==============================================================================

Memory Map of the image

  Image Entry point : 0x080000c1

  Load Region LR_IROM1 (Base: 0x08000000, Size: 0x0000726c, Max: 0x00010000, ABSOLUTE, COMPRESSED[0x00007134])

    Execution Region ER_IROM1 (Base: 0x08000000, Size: 0x0000710c, Max: 0x00010000, ABSOLUTE)

    Base Addr    Size         Type   Attr      Idx    E Section Name        Object

    0x08000000   0x000000c0   Data   RO            3    RESET               startup_stm32l051xx.o
    0x080000c0   0x00000000   Code   RO         4646  * .ARM.Collect$$$$00000000  mc_p.l(entry.o)
    0x080000c0   0x00000004   Code   RO         4947    .ARM.Collect$$$$00000001  mc_p.l(entry2.o)
    0x080000c4   0x00000004   Code   RO         4950    .ARM.Collect$$$$00000004  mc_p.l(entry5.o)
    0x080000c8   0x00000000   Code   RO         4952    .ARM.Collect$$$$00000008  mc_p.l(entry7b.o)
    0x080000c8   0x00000000   Code   RO         4954    .ARM.Collect$$$$0000000A  mc_p.l(entry8b.o)
    0x080000c8   0x00000008   Code   RO         4955    .ARM.Collect$$$$0000000B  mc_p.l(entry9a.o)
    0x080000d0   0x00000000   Code   RO         4957    .ARM.Collect$$$$0000000D  mc_p.l(entry10a.o)
    0x080000d0   0x00000000   Code   RO         4959    .ARM.Collect$$$$0000000F  mc_p.l(entry11a.o)
    0x080000d0   0x00000004   Code   RO         4948    .ARM.Collect$$$$00002712  mc_p.l(entry2.o)
    0x080000d4   0x00000008   Code   RO         4523    .emb_text           stm32l0xx_it.o
    0x080000dc   0x0000001c   Code   RO            4    .text               startup_stm32l051xx.o
    0x080000f8   0x0000002c   Code   RO         4649    .text               mc_p.l(uidiv.o)
    0x08000124   0x00000028   Code   RO         4651    .text               mc_p.l(idiv.o)
    0x0800014c   0x00000060   Code   RO         4653    .text               mc_p.l(uldiv.o)
    0x080001ac   0x00000024   Code   RO         4655    .text               mc_p.l(rand.o)
    0x080001d0   0x00000024   Code   RO         4658    .text               mc_p.l(memcpya.o)
    0x080001f4   0x00000024   Code   RO         4660    .text               mc_p.l(memseta.o)
    0x08000218   0x00000164   Code   RO         4927    .text               mf_p.l(dadd.o)
    0x0800037c   0x000000d0   Code   RO         4929    .text               mf_p.l(dmul.o)
    0x0800044c   0x000000f0   Code   RO         4931    .text               mf_p.l(ddiv.o)
    0x0800053c   0x00000028   Code   RO         4933    .text               mf_p.l(dflti.o)
    0x08000564   0x0000001c   Code   RO         4935    .text               mf_p.l(dfltui.o)
    0x08000580   0x0000001c   Code   RO         4937    .text               mf_p.l(dfltul.o)
    0x0800059c   0x00000048   Code   RO         4941    .text               mf_p.l(dfixi.o)
    0x080005e4   0x0000003c   Code   RO         4943    .text               mf_p.l(dfixui.o)
    0x08000620   0x00000028   Code   RO         4945    .text               mf_p.l(cdrcmple.o)
    0x08000648   0x00000020   Code   RO         4962    .text               mc_p.l(llshl.o)
    0x08000668   0x00000022   Code   RO         4964    .text               mc_p.l(llushr.o)
    0x0800068a   0x00000026   Code   RO         4966    .text               mc_p.l(llsshr.o)
    0x080006b0   0x00000000   Code   RO         4968    .text               mc_p.l(iusefp.o)
    0x080006b0   0x000000be   Code   RO         4969    .text               mf_p.l(depilogue.o)
    0x0800076e   0x00000002   PAD
    0x08000770   0x0000007c   Code   RO         4973    .text               mf_p.l(drnd.o)
    0x080007ec   0x00000028   Code   RO         4977    .text               mf_p.l(cdcmple.o)
    0x08000814   0x00000024   Code   RO         4979    .text               mc_p.l(init.o)
    0x08000838   0x0000003a   Code   RO         4989    .text               mc_p.l(__dczerorl.o)
    0x08000872   0x00000002   PAD
    0x08000874   0x00000018   Code   RO          865    i.BlockLowPowerDuringTask  rtc-board.o
    0x0800088c   0x00000014   Code   RO          439    i.BoardDisableIrq   board.o
    0x080008a0   0x0000001c   Code   RO          440    i.BoardEnableIrq    board.o
    0x080008bc   0x0000000c   Code   RO          535    i.DelayMs           delay.o
    0x080008c8   0x00000010   Code   RO          560    i.EXTI0_1_IRQHandler  gpio-board.o
    0x080008d8   0x00000010   Code   RO          561    i.EXTI2_3_IRQHandler  gpio-board.o
    0x080008e8   0x0000005c   Code   RO          562    i.EXTI4_15_IRQHandler  gpio-board.o
    0x08000944   0x00000034   Code   RO           12    i.GetFskBandwidthRegValue  sx1276.o
    0x08000978   0x00000028   Code   RO          481    i.GpioInit          gpio.o
    0x080009a0   0x00000148   Code   RO          563    i.GpioMcuInit       gpio-board.o
    0x08000ae8   0x00000148   Code   RO          566    i.GpioMcuSetInterrupt  gpio-board.o
    0x08000c30   0x0000002c   Code   RO          568    i.GpioMcuWrite      gpio-board.o
    0x08000c5c   0x00000022   Code   RO          484    i.GpioSetInterrupt  gpio.o
    0x08000c7e   0x0000001a   Code   RO          486    i.GpioWrite         gpio.o
    0x08000c98   0x0000001a   Code   RO         1500    i.HAL_Delay         stm32l0xx_hal.o
    0x08000cb2   0x00000002   PAD
    0x08000cb4   0x00000030   Code   RO          569    i.HAL_GPIO_EXTI_Callback  gpio-board.o
    0x08000ce4   0x00000020   Code   RO         2379    i.HAL_GPIO_EXTI_IRQHandler  stm32l0xx_hal_gpio.o
    0x08000d04   0x000001ec   Code   RO         2380    i.HAL_GPIO_Init     stm32l0xx_hal_gpio.o
    0x08000ef0   0x0000000c   Code   RO         2384    i.HAL_GPIO_WritePin  stm32l0xx_hal_gpio.o
    0x08000efc   0x0000000c   Code   RO         1504    i.HAL_GetTick       stm32l0xx_hal.o
    0x08000f08   0x00000010   Code   RO         1505    i.HAL_IncTick       stm32l0xx_hal.o
    0x08000f18   0x00000020   Code   RO         1506    i.HAL_Init          stm32l0xx_hal.o
    0x08000f38   0x00000028   Code   RO         1507    i.HAL_InitTick      stm32l0xx_hal.o
    0x08000f60   0x00000038   Code   RO         4482    i.HAL_MspInit       stm32l0xx_hal_msp.o
    0x08000f98   0x00000030   Code   RO         4483    i.HAL_MspWakeUp     stm32l0xx_hal_msp.o
    0x08000fc8   0x00000018   Code   RO         1898    i.HAL_NVIC_EnableIRQ  stm32l0xx_hal_cortex.o
    0x08000fe0   0x00000012   Code   RO         1902    i.HAL_NVIC_SetPriority  stm32l0xx_hal_cortex.o
    0x08000ff2   0x00000002   PAD
    0x08000ff4   0x00000200   Code   RO         2732    i.HAL_RCCEx_PeriphCLKConfig  stm32l0xx_hal_rcc_ex.o
    0x080011f4   0x000001f8   Code   RO         2634    i.HAL_RCC_ClockConfig  stm32l0xx_hal_rcc.o
    0x080013ec   0x0000000c   Code   RO         2638    i.HAL_RCC_GetHCLKFreq  stm32l0xx_hal_rcc.o
    0x080013f8   0x00000024   Code   RO         2640    i.HAL_RCC_GetPCLK1Freq  stm32l0xx_hal_rcc.o
    0x0800141c   0x00000024   Code   RO         2641    i.HAL_RCC_GetPCLK2Freq  stm32l0xx_hal_rcc.o
    0x08001440   0x000000ec   Code   RO         2642    i.HAL_RCC_GetSysClockFreq  stm32l0xx_hal_rcc.o
    0x0800152c   0x00000600   Code   RO         2645    i.HAL_RCC_OscConfig  stm32l0xx_hal_rcc.o
    0x08001b2c   0x00000002   Code   RO         2921    i.HAL_RTCEx_AlarmBEventCallback  stm32l0xx_hal_rtc_ex.o
    0x08001b2e   0x00000058   Code   RO         2930    i.HAL_RTCEx_EnableBypassShadow  stm32l0xx_hal_rtc_ex.o
    0x08001b86   0x00000002   Code   RO         2787    i.HAL_RTC_AlarmAEventCallback  stm32l0xx_hal_rtc.o
    0x08001b88   0x00000088   Code   RO         2788    i.HAL_RTC_AlarmIRQHandler  stm32l0xx_hal_rtc.o
    0x08001c10   0x00000112   Code   RO         2790    i.HAL_RTC_DeactivateAlarm  stm32l0xx_hal_rtc.o
    0x08001d22   0x00000002   PAD
    0x08001d24   0x000000f0   Code   RO         2791    i.HAL_RTC_GetAlarm  stm32l0xx_hal_rtc.o
    0x08001e14   0x0000005c   Code   RO         2792    i.HAL_RTC_GetDate   stm32l0xx_hal_rtc.o
    0x08001e70   0x0000006c   Code   RO         2794    i.HAL_RTC_GetTime   stm32l0xx_hal_rtc.o
    0x08001edc   0x000000c8   Code   RO         2795    i.HAL_RTC_Init      stm32l0xx_hal_rtc.o
    0x08001fa4   0x00000002   Code   RO         2797    i.HAL_RTC_MspInit   stm32l0xx_hal_rtc.o
    0x08001fa6   0x00000002   PAD
    0x08001fa8   0x0000025c   Code   RO         2800    i.HAL_RTC_SetAlarm_IT  stm32l0xx_hal_rtc.o
    0x08002204   0x00000130   Code   RO         2801    i.HAL_RTC_SetDate   stm32l0xx_hal_rtc.o
    0x08002334   0x00000154   Code   RO         2802    i.HAL_RTC_SetTime   stm32l0xx_hal_rtc.o
    0x08002488   0x0000003c   Code   RO         2803    i.HAL_RTC_WaitForSynchro  stm32l0xx_hal_rtc.o
    0x080024c4   0x0000008e   Code   RO         3141    i.HAL_SPI_Init      stm32l0xx_hal_spi.o
    0x08002552   0x00000002   Code   RO         3143    i.HAL_SPI_MspInit   stm32l0xx_hal_spi.o
    0x08002554   0x00000038   Code   RO         1906    i.HAL_SYSTICK_Config  stm32l0xx_hal_cortex.o
    0x0800258c   0x00000002   Code   RO         3633    i.HAL_UARTEx_WakeupCallback  stm32l0xx_hal_uart_ex.o
    0x0800258e   0x00000002   Code   RO         3381    i.HAL_UART_ErrorCallback  stm32l0xx_hal_uart.o
    0x08002590   0x0000007c   Code   RO         3385    i.HAL_UART_Init     stm32l0xx_hal_uart.o
    0x0800260c   0x00000090   Code   RO          992    i.HAL_UART_MspInit  uart_board.o
    0x0800269c   0x00000012   Code   RO          996    i.HAL_USART_GET_FLAG  uart_board.o
    0x080026ae   0x00000002   PAD
    0x080026b0   0x00000048   Code   RO         4525    i.HardFault_Handler  stm32l0xx_it.o
    0x080026f8   0x00000084   Code   RO         4590    i.LoRa_RxDone       main.o
    0x0800277c   0x00000078   Code   RO         4591    i.LoRa_TxDone       main.o
    0x080027f4   0x00000002   Code   RO         4526    i.NMI_Handler       stm32l0xx_it.o
    0x080027f6   0x00000002   PAD
    0x080027f8   0x00000078   Code   RO         1908    i.NVIC_SetPriority  stm32l0xx_hal_cortex.o
    0x08002870   0x00000022   Code   RO         1262    i.OLED_Clean_All_Slowly  oled_board.o
    0x08002892   0x00000002   PAD
    0x08002894   0x00000030   Code   RO         1263    i.OLED_Clear        oled_board.o
    0x080028c4   0x0000006c   Code   RO         1269    i.OLED_DrawPoint    oled_board.o
    0x08002930   0x00000036   Code   RO         1270    i.OLED_Fill         oled_board.o
    0x08002966   0x00000002   PAD
    0x08002968   0x00000184   Code   RO         1272    i.OLED_Init         oled_board.o
    0x08002aec   0x0000004c   Code   RO         1273    i.OLED_Refresh_Gram  oled_board.o
    0x08002b38   0x000000d4   Code   RO         1274    i.OLED_ShowChar     oled_board.o
    0x08002c0c   0x0000001e   Code   RO         1276    i.OLED_ShowString_Line  oled_board.o
    0x08002c2a   0x00000062   Code   RO         1277    i.OLED_ShowString_XY  oled_board.o
    0x08002c8c   0x00000088   Code   RO         1278    i.OLED_Show_Logo    oled_board.o
    0x08002d14   0x00000094   Code   RO         1279    i.OLED_WR_Byte      oled_board.o
    0x08002da8   0x00000002   Code   RO         4527    i.PendSV_Handler    stm32l0xx_it.o
    0x08002daa   0x0000001a   Code   RO         2804    i.RTC_Bcd2ToByte    stm32l0xx_hal_rtc.o
    0x08002dc4   0x0000001a   Code   RO         2805    i.RTC_ByteToBcd2    stm32l0xx_hal_rtc.o
    0x08002dde   0x00000042   Code   RO         2806    i.RTC_EnterInitMode  stm32l0xx_hal_rtc.o
    0x08002e20   0x0000002c   Code   RO          866    i.RTC_IRQHandler    rtc-board.o
    0x08002e4c   0x00000178   Code   RO          869    i.RtcComputeTimerTimeToAlarmTick  rtc-board.o
    0x08002fc4   0x0000005c   Code   RO          870    i.RtcComputeWakeUpTime  rtc-board.o
    0x08003020   0x000000f8   Code   RO          871    i.RtcConvertCalendarTickToTimerTime  rtc-board.o
    0x08003118   0x00000040   Code   RO          872    i.RtcConvertMsToTick  rtc-board.o
    0x08003158   0x00000040   Code   RO          873    i.RtcConvertTickToMs  rtc-board.o
    0x08003198   0x0000004c   Code   RO          876    i.RtcGetAdjustedTimeoutValue  rtc-board.o
    0x080031e4   0x00000054   Code   RO          877    i.RtcGetCalendar    rtc-board.o
    0x08003238   0x00000034   Code   RO          878    i.RtcGetElapsedAlarmTime  rtc-board.o
    0x0800326c   0x000000a8   Code   RO          880    i.RtcInit           rtc-board.o
    0x08003314   0x00000050   Code   RO          881    i.RtcRecoverMcuStatus  rtc-board.o
    0x08003364   0x00000012   Code   RO          882    i.RtcSetTimeout     rtc-board.o
    0x08003376   0x00000002   PAD
    0x08003378   0x000000a8   Code   RO          883    i.RtcStartWakeUpAlarm  rtc-board.o
    0x08003420   0x000000b8   Code   RO           13    i.RxChainCalibration  sx1276.o
    0x080034d8   0x00000002   Code   RO         4528    i.SVC_Handler       stm32l0xx_it.o
    0x080034da   0x00000002   Code   RO          636    i.SX1276AntSwDeInit  sx1276-board.o
    0x080034dc   0x00000002   Code   RO          637    i.SX1276AntSwInit   sx1276-board.o
    0x080034de   0x00000006   Code   RO          638    i.SX1276CheckRfFrequency  sx1276-board.o
    0x080034e4   0x00000006   Code   RO          639    i.SX1276GetPaSelect  sx1276-board.o
    0x080034ea   0x00000002   PAD
    0x080034ec   0x0000000c   Code   RO           14    i.SX1276GetStatus   sx1276.o
    0x080034f8   0x0000029c   Code   RO           15    i.SX1276GetTimeOnAir  sx1276.o
    0x08003794   0x00000070   Code   RO           16    i.SX1276Init        sx1276.o
    0x08003804   0x00000048   Code   RO          641    i.SX1276IoInit      sx1276-board.o
    0x0800384c   0x00000034   Code   RO          642    i.SX1276IoIrqInit   sx1276-board.o
    0x08003880   0x0000003a   Code   RO           17    i.SX1276IsChannelFree  sx1276.o
    0x080038ba   0x00000002   PAD
    0x080038bc   0x00000358   Code   RO           18    i.SX1276OnDio0Irq   sx1276.o
    0x08003c14   0x0000019c   Code   RO           19    i.SX1276OnDio1Irq   sx1276.o
    0x08003db0   0x0000015c   Code   RO           20    i.SX1276OnDio2Irq   sx1276.o
    0x08003f0c   0x0000007c   Code   RO           21    i.SX1276OnDio3Irq   sx1276.o
    0x08003f88   0x00000030   Code   RO           22    i.SX1276OnDio4Irq   sx1276.o
    0x08003fb8   0x00000040   Code   RO           25    i.SX1276Random      sx1276.o
    0x08003ff8   0x00000014   Code   RO           26    i.SX1276Read        sx1276.o
    0x0800400c   0x00000044   Code   RO           27    i.SX1276ReadBuffer  sx1276.o
    0x08004050   0x00000012   Code   RO           28    i.SX1276ReadFifo    sx1276.o
    0x08004062   0x00000002   PAD
    0x08004064   0x00000054   Code   RO           29    i.SX1276ReadRssi    sx1276.o
    0x080040b8   0x0000003c   Code   RO           30    i.SX1276Reset       sx1276.o
    0x080040f4   0x00000130   Code   RO           31    i.SX1276Send        sx1276.o
    0x08004224   0x00000024   Code   RO          643    i.SX1276SetAntSwLowPower  sx1276-board.o
    0x08004248   0x00000048   Code   RO           32    i.SX1276SetChannel  sx1276.o
    0x08004290   0x0000003c   Code   RO           33    i.SX1276SetMaxPayloadLength  sx1276.o
    0x080042cc   0x00000098   Code   RO           34    i.SX1276SetModem    sx1276.o
    0x08004364   0x0000002e   Code   RO           35    i.SX1276SetOpMode   sx1276.o
    0x08004392   0x00000002   PAD
    0x08004394   0x0000002c   Code   RO           36    i.SX1276SetPublicNetwork  sx1276.o
    0x080043c0   0x000000cc   Code   RO          644    i.SX1276SetRfTxPower  sx1276-board.o
    0x0800448c   0x00000308   Code   RO           37    i.SX1276SetRx       sx1276.o
    0x08004794   0x0000031c   Code   RO           38    i.SX1276SetRxConfig  sx1276.o
    0x08004ab0   0x00000014   Code   RO           39    i.SX1276SetSleep    sx1276.o
    0x08004ac4   0x00000014   Code   RO           40    i.SX1276SetStby     sx1276.o
    0x08004ad8   0x000000cc   Code   RO           41    i.SX1276SetTx       sx1276.o
    0x08004ba4   0x00000268   Code   RO           42    i.SX1276SetTxConfig  sx1276.o
    0x08004e0c   0x00000088   Code   RO           43    i.SX1276SetTxContinuousWave  sx1276.o
    0x08004e94   0x00000048   Code   RO           44    i.SX1276StartCad    sx1276.o
    0x08004edc   0x00000010   Code   RO           45    i.SX1276Write       sx1276.o
    0x08004eec   0x00000044   Code   RO           46    i.SX1276WriteBuffer  sx1276.o
    0x08004f30   0x00000012   Code   RO           47    i.SX1276WriteFifo   sx1276.o
    0x08004f42   0x00000038   Code   RO          719    i.SpiFormat         spi-board.o
    0x08004f7a   0x00000002   PAD
    0x08004f7c   0x00000050   Code   RO          720    i.SpiFrequency      spi-board.o
    0x08004fcc   0x0000005c   Code   RO          721    i.SpiInOut          spi-board.o
    0x08005028   0x000000c8   Code   RO          722    i.SpiInit           spi-board.o
    0x080050f0   0x00000008   Code   RO         4529    i.SysTick_Handler   stm32l0xx_it.o
    0x080050f8   0x0000008c   Code   RO         4484    i.SystemClockConfig_STOP  stm32l0xx_hal_msp.o
    0x08005184   0x0000008c   Code   RO         4485    i.SystemClock_Config  stm32l0xx_hal_msp.o
    0x08005210   0x00000068   Code   RO         1459    i.SystemInit        system_stm32l0xx.o
    0x08005278   0x00000008   Code   RO          766    i.TimerGetValue     timer.o
    0x08005280   0x00000094   Code   RO          770    i.TimerIrqHandler   timer.o
    0x08005314   0x00000020   Code   RO          773    i.TimerSetTimeout   timer.o
    0x08005334   0x000000f0   Code   RO         3398    i.UART_AdvFeatureConfig  stm32l0xx_hal_uart.o
    0x08005424   0x00000064   Code   RO         3399    i.UART_CheckIdleState  stm32l0xx_hal_uart.o
    0x08005488   0x000004d0   Code   RO         3407    i.UART_SetConfig    stm32l0xx_hal_uart.o
    0x08005958   0x00000108   Code   RO         3409    i.UART_WaitOnFlagUntilTimeout  stm32l0xx_hal_uart.o
    0x08005a60   0x000000a0   Code   RO          998    i.UART_init         uart_board.o
    0x08005b00   0x000000a4   Code   RO          999    i.USART1_IRQHandler  uart_board.o
    0x08005ba4   0x00000020   Code   RO         4871    i.__0printf$8       mc_p.l(printf8.o)
    0x08005bc4   0x00000028   Code   RO         4873    i.__0sprintf$8      mc_p.l(printf8.o)
    0x08005bec   0x0000002e   Code   RO         4971    i.__ARM_clz         mf_p.l(depilogue.o)
    0x08005c1a   0x0000001c   Code   RO          240    i.__ARM_common_switch8  sx1276.o
    0x08005c36   0x0000000e   Code   RO         4983    i.__scatterload_copy  mc_p.l(handlers.o)
    0x08005c44   0x00000002   Code   RO         4984    i.__scatterload_null  mc_p.l(handlers.o)
    0x08005c46   0x0000000e   Code   RO         4985    i.__scatterload_zeroinit  mc_p.l(handlers.o)
    0x08005c54   0x00000428   Code   RO         4878    i._printf_core      mc_p.l(printf8.o)
    0x0800607c   0x00000020   Code   RO         4879    i._printf_post_padding  mc_p.l(printf8.o)
    0x0800609c   0x0000002c   Code   RO         4880    i._printf_pre_padding  mc_p.l(printf8.o)
    0x080060c8   0x0000000a   Code   RO         4882    i._sputc            mc_p.l(printf8.o)
    0x080060d2   0x00000002   PAD
    0x080060d4   0x000000c8   Code   RO         4637    i.ceil              m_ps.l(ceil.o)
    0x0800619c   0x0000001a   Code   RO         4530    i.delay_ms          stm32l0xx_it.o
    0x080061b6   0x0000010e   Code   RO         1000    i.error_process     uart_board.o
    0x080062c4   0x000000c8   Code   RO         4641    i.floor             m_ps.l(floor.o)
    0x0800638c   0x00000024   Code   RO         1001    i.fputc             uart_board.o
    0x080063b0   0x00000020   Code   RO         4396    i.interface_LoRaPhy_SendFrame  loraphy_interface.o
    0x080063d0   0x00000070   Code   RO         4397    i.interface_LoRaPhy_init  loraphy_interface.o
    0x08006440   0x00000010   Code   RO         4398    i.interface_LoRaPhy_register_notification  loraphy_interface.o
    0x08006450   0x00000008   Code   RO         4400    i.interface_LoRaPhy_start_rx  loraphy_interface.o
    0x08006458   0x00000034   Code   RO         1158    i.key_init          key_board.o
    0x0800648c   0x00000018   Code   RO         1159    i.key_interrupt_callback  key_board.o
    0x080064a4   0x00000034   Code   RO         4592    i.key_pressed_handler  main.o
    0x080064d8   0x0000000c   Code   RO         1161    i.key_register_callback  key_board.o
    0x080064e4   0x00000034   Code   RO         1219    i.led_Init          led_board.o
    0x08006518   0x0000016c   Code   RO         4593    i.main              main.o
    0x08006684   0x00000018   Code   RO         1401    i.memcpy1           utilities.o
    0x0800669c   0x00000058   Code   RO         4401    i.phyRxDone         loraphy_interface.o
    0x080066f4   0x00000020   Code   RO         4402    i.phyRxError        loraphy_interface.o
    0x08006714   0x0000002c   Code   RO         4403    i.phyRxTimeout      loraphy_interface.o
    0x08006740   0x00000018   Code   RO         4404    i.phyTxDone         loraphy_interface.o
    0x08006758   0x00000002   Code   RO         4405    i.phyTxTimeout      loraphy_interface.o
    0x0800675a   0x00000002   PAD
    0x0800675c   0x000000c0   Code   RO         4406    i.phy_switch_to_rx_mode  loraphy_interface.o
    0x0800681c   0x000000cc   Code   RO         4407    i.phy_switch_to_tx_mode  loraphy_interface.o
    0x080068e8   0x0000009c   Code   RO         4644    i.round             m_ps.l(round.o)
    0x08006984   0x0000005c   Code   RO         4594    i.uart_rx_complete  main.o
    0x080069e0   0x000000e0   Data   RO           49    .constdata          sx1276.o
    0x08006ac0   0x0000005c   Data   RO          645    .constdata          sx1276-board.o
    0x08006b1c   0x00000018   Data   RO          885    .constdata          rtc-board.o
    0x08006b34   0x00000594   Data   RO         1282    .constdata          oled_board.o
    0x080070c8   0x00000021   Data   RO         1460    .constdata          system_stm32l0xx.o
    0x080070e9   0x00000003   PAD
    0x080070ec   0x00000020   Data   RO         4981    Region$$Table       anon$$obj.o


    Execution Region RW_IRAM1 (Base: 0x20000000, Size: 0x000014c0, Max: 0x00002000, ABSOLUTE, COMPRESSED[0x00000028])

    Base Addr    Size         Type   Attr      Idx    E Section Name        Object

    0x20000000   0x0000001c   Data   RW           50    .data               sx1276.o
    0x2000001c   0x00000001   Data   RW          441    .data               board.o
    0x2000001d   0x00000001   Data   RW          646    .data               sx1276-board.o
    0x2000001e   0x00000002   PAD
    0x20000020   0x00000008   Data   RW          777    .data               timer.o
    0x20000028   0x0000000c   Data   RW          886    .data               rtc-board.o
    0x20000034   0x00000002   Data   RW         1004    .data               uart_board.o
    0x20000036   0x00000002   PAD
    0x20000038   0x00000008   Data   RW         1163    .data               key_board.o
    0x20000040   0x00000004   Data   RW         1461    .data               system_stm32l0xx.o
    0x20000044   0x00000004   Data   RW         1516    .data               stm32l0xx_hal.o
    0x20000048   0x00000001   Data   RW         4409    .data               loraphy_interface.o
    0x20000049   0x00000003   PAD
    0x2000004c   0x0000010c   Data   RW         4596    .data               main.o
    0x20000158   0x00000004   Data   RW         4656    .data               mc_p.l(rand.o)
    0x2000015c   0x00000004   Data   RW         4961    .data               mc_p.l(stdout.o)
    0x20000160   0x00000240   Zero   RW           48    .bss                sx1276.o
    0x200003a0   0x00000040   Zero   RW          570    .bss                gpio-board.o
    0x200003e0   0x0000003c   Zero   RW          884    .bss                rtc-board.o
    0x2000041c   0x00000104   Zero   RW         1003    .bss                uart_board.o
    0x20000520   0x0000000c   Zero   RW         1162    .bss                key_board.o
    0x2000052c   0x00000018   Zero   RW         1222    .bss                led_board.o
    0x20000544   0x00000400   Zero   RW         1281    .bss                oled_board.o
    0x20000944   0x00000064   Zero   RW         4408    .bss                loraphy_interface.o
    0x200009a8   0x00000218   Zero   RW         4595    .bss                main.o
    0x20000bc0   0x00000900   Zero   RW            1    STACK               startup_stm32l051xx.o


==============================================================================

Image component sizes


      Code (inc. data)   RO Data    RW Data    ZI Data      Debug   Object Name

        48         12          0          1          0       1151   board.o
        12          0          0          0          0        510   delay.o
       872         48          0          0         64       5556   gpio-board.o
       100          0          0          0          0       2382   gpio.o
        88         24          0          8         12       2292   key_board.o
        52          8          0          0         24        775   led_board.o
       754        112          0          1        100       8122   loraphy_interface.o
       760        258          0        268        536       4159   main.o
      1332         46       1428          0       1024       9705   oled_board.o
      1558        154         24         12         60      10865   rtc-board.o
       428         24          0          0          0       3312   spi-board.o
        28          8        192          0       2304        724   startup_stm32l051xx.o
       126         18          0          4          0       4055   stm32l0xx_hal.o
       218         26          0          0          0      11009   stm32l0xx_hal_cortex.o
       536         36          0          0          0       3123   stm32l0xx_hal_gpio.o
       384         30          0          0          0       2478   stm32l0xx_hal_msp.o
      2360        100          0          0          0       6380   stm32l0xx_hal_rcc.o
       512         12          0          0          0       1564   stm32l0xx_hal_rcc_ex.o
      2480         52          0          0          0      12611   stm32l0xx_hal_rtc.o
        90          0          0          0          0       1823   stm32l0xx_hal_rtc_ex.o
       144          0          0          0          0       1813   stm32l0xx_hal_spi.o
      1962         88          0          0          0       5610   stm32l0xx_hal_uart.o
         2          0          0          0          0       1120   stm32l0xx_hal_uart_ex.o
       120         38          0          0          0       3246   stm32l0xx_it.o
       380         22         92          1          0       8430   sx1276-board.o
      6636        310        224         28        576     309849   sx1276.o
       104         16         33          4          0       1351   system_stm32l0xx.o
       188         10          0          8          0       2357   timer.o
       792         54          0          2        260     309768   uart_board.o
        24          0          0          0          0       1034   utilities.o

    ----------------------------------------------------------------------
     23120       1506       2028        344       4960     737174   Object Totals
         0          0         32          0          0          0   (incl. Generated)
        30          0          3          7          0          0   (incl. Padding)

    ----------------------------------------------------------------------

      Code (inc. data)   RO Data    RW Data    ZI Data      Debug   Library Member Name

       200         20          0          0          0         76   ceil.o
       200         20          0          0          0         76   floor.o
       156         14          0          0          0         84   round.o
        58          0          0          0          0          0   __dczerorl.o
         0          0          0          0          0          0   entry.o
         0          0          0          0          0          0   entry10a.o
         0          0          0          0          0          0   entry11a.o
         8          4          0          0          0          0   entry2.o
         4          0          0          0          0          0   entry5.o
         0          0          0          0          0          0   entry7b.o
         0          0          0          0          0          0   entry8b.o
         8          4          0          0          0          0   entry9a.o
        30          0          0          0          0          0   handlers.o
        40          0          0          0          0         72   idiv.o
        36          8          0          0          0         68   init.o
         0          0          0          0          0          0   iusefp.o
        32          0          0          0          0         68   llshl.o
        38          0          0          0          0         68   llsshr.o
        34          0          0          0          0         68   llushr.o
        36          0          0          0          0         60   memcpya.o
        36          0          0          0          0        100   memseta.o
      1222         56          0          0          0        468   printf8.o
        36         12          0          4          0        120   rand.o
         0          0          0          4          0          0   stdout.o
        44          0          0          0          0         72   uidiv.o
        96          0          0          0          0         84   uldiv.o
        40          2          0          0          0         68   cdcmple.o
        40          2          0          0          0         68   cdrcmple.o
       356          4          0          0          0        140   dadd.o
       240          6          0          0          0         84   ddiv.o
       236          0          0          0          0        216   depilogue.o
        72         10          0          0          0         72   dfixi.o
        60         10          0          0          0         68   dfixui.o
        40          6          0          0          0         68   dflti.o
        28          4          0          0          0         68   dfltui.o
        28          6          0          0          0         68   dfltul.o
       208          6          0          0          0         88   dmul.o
       124         10          0          0          0         76   drnd.o

    ----------------------------------------------------------------------
      3792        204          0          8          0       2568   Library Totals
         6          0          0          0          0          0   (incl. Padding)

    ----------------------------------------------------------------------

      Code (inc. data)   RO Data    RW Data    ZI Data      Debug   Library Name

       556         54          0          0          0        236   m_ps.l
      1758         84          0          8          0       1248   mc_p.l
      1472         66          0          0          0       1084   mf_p.l

    ----------------------------------------------------------------------
      3792        204          0          8          0       2568   Library Totals

    ----------------------------------------------------------------------

==============================================================================


      Code (inc. data)   RO Data    RW Data    ZI Data      Debug   

     26912       1710       2028        352       4960     731274   Grand Totals
     26912       1710       2028         40       4960     731274   ELF Image Totals (compressed)
     26912       1710       2028         40          0          0   ROM Totals

==============================================================================

    Total RO  Size (Code + RO Data)                28940 (  28.26kB)
    Total RW  Size (RW Data + ZI Data)              5312 (   5.19kB)
    Total ROM Size (Code + RO Data + RW Data)      28980 (  28.30kB)

==============================================================================

